[INFO] Logging console output to: nutanix-calm-blueprint-results/provisioning_stats.log
[INFO] Debug logs enabled (written to log file only)
[INFO] Querying Nutanix API: https://ncm.services.nconprem-10-122-152-117.ccpnx.com/api/nutanix/v3/apps/list
[INFO] Fetching apps from API (pagination enabled)...
[INFO] Page 1: Fetched 14 apps (total so far: 14)
[INFO] Total apps available: 14
[INFO] Fetched all 14 apps (matched total_matches: 14)
[INFO] Successfully fetched 14 apps across 1 page(s)
[INFO] Found 14 apps in API response
[INFO] Filtered to 10 apps matching pattern: bg-user10-vm-001
[INFO] Processed 10 apps
[INFO] Total provisioning time calculation (for 10 filtered apps):
       Min Creation Time (IST): 2026-05-28 10:25:13 IST
       Max Last Update Time (IST): 2026-05-28 10:39:31 IST
       Total Time to Provision All Filtered Apps: 14m 18s

[INFO] Fetching runlogs for each Blueprint UUID...
[INFO] Found 10 unique Blueprint UUIDs to fetch runlogs for
[INFO] Fetching runlogs for Blueprint UUID: 00b8c3bd-9977-434f-a9dc-89de54698331
[DEBUG] Received 1 top-level entities for 00b8c3bd-9977-434f-a9dc-89de54698331
[DEBUG] Found action_runlog with UUID: 051ae6f7-157b-42aa-9ffa-8ef92ab3ccf3
[DEBUG] Entity types: {'action_runlog': 1}
[DEBUG] Fetching nested runlogs for 1 action_runlogs...
[DEBUG] Found 25 nested runlogs for action_runlog 051ae6f7-157b-42aa-9ffa-8ef92ab3ccf3, types: {'runbook_runlog': 8, 'task_runlog': 16, 'policy_runlog': 1}
[DEBUG] Found 25 nested runbook/task runlogs
[INFO] Received 26 runlog entities for Blueprint UUID: 00b8c3bd-9977-434f-a9dc-89de54698331
[DEBUG] Entity types received: {'action_runlog': 1, 'runbook_runlog': 8, 'task_runlog': 16, 'policy_runlog': 1}
[DEBUG] parse_runlogs_json: Processing 26 entities
[DEBUG] action_runlog 051ae6f7-157b-42aa-9ffa-8ef92ab3ccf3: created=1779944127951951, updated=1779944969251756, duration=841.299805s (14.0m)
[DEBUG] Found runbook_runlog: id=13ee26f3-2600-42bf-a40b-8ec883824683, parent=051ae6f7-157b-42aa-9ffa-8ef92ab3ccf3, root=051ae6f7-157b-42aa-9ffa-8ef92ab3ccf3, runbook=SYS_GEN__Runbook_Postprocessor, task=None
[DEBUG] runbook_runlog SYS_GEN__Runbook_Postprocessor: created=1779944967510588, updated=1779944968012855, duration=0.502267s (0.0m)
[DEBUG] Found runbook_runlog: id=a8ed7ddd-e573-4543-8d2d-925360d9ff64, parent=88593950-1470-4976-8fb9-aa2fa0d5acef, root=051ae6f7-157b-42aa-9ffa-8ef92ab3ccf3, runbook=Linux___start___runbook, task=None
[DEBUG] runbook_runlog Linux___start___runbook: created=1779944964518962, updated=1779944966871605, duration=2.352643s (0.0m)
[DEBUG] Found task_runlog: id=40151201-f114-401f-838e-3610aa765a3b, parent=2aa17ad9-8878-4004-ab9d-a5f1769ba711, root=051ae6f7-157b-42aa-9ffa-8ef92ab3ccf3, runbook=None, task=SendMail
[DEBUG] Found task_runlog: id=041538ad-7424-4b9c-a12d-a163a1acc271, parent=2aa17ad9-8878-4004-ab9d-a5f1769ba711, root=051ae6f7-157b-42aa-9ffa-8ef92ab3ccf3, runbook=None, task=UpdateRoot
[DEBUG] Found task_runlog: id=392dd4d8-2f0b-440e-b6f7-485dafd22fee, parent=2aa17ad9-8878-4004-ab9d-a5f1769ba711, root=051ae6f7-157b-42aa-9ffa-8ef92ab3ccf3, runbook=None, task=EjectCdrom
[DEBUG] Found runbook_runlog: id=2aa17ad9-8878-4004-ab9d-a5f1769ba711, parent=88593950-1470-4976-8fb9-aa2fa0d5acef, root=051ae6f7-157b-42aa-9ffa-8ef92ab3ccf3, runbook=Linux___create___runbook, task=None
[DEBUG] runbook_runlog Linux___create___runbook: created=1779944831816481, updated=1779944964342498, duration=132.526017s (2.2m)
[DEBUG] Found task_runlog: id=8a80da0c-7755-45b4-912b-a345a7b34f61, parent=a627dbb1-b169-4018-a3d4-22a97de04aaa, root=051ae6f7-157b-42aa-9ffa-8ef92ab3ccf3, runbook=None, task=print variable and creds
[DEBUG] Found task_runlog: id=a2c8850e-8aa5-4446-ae20-4176cbc32960, parent=a627dbb1-b169-4018-a3d4-22a97de04aaa, root=051ae6f7-157b-42aa-9ffa-8ef92ab3ccf3, runbook=None, task=InstallNginx
[DEBUG] Found task_runlog: id=ea837754-727a-4455-912d-610cc39fb21b, parent=a627dbb1-b169-4018-a3d4-22a97de04aaa, root=051ae6f7-157b-42aa-9ffa-8ef92ab3ccf3, runbook=None, task=InstallNgt
[DEBUG] Found task_runlog: id=fec3a7d8-8711-410e-9703-b8df943ce328, parent=a627dbb1-b169-4018-a3d4-22a97de04aaa, root=051ae6f7-157b-42aa-9ffa-8ef92ab3ccf3, runbook=None, task=Wait20
[DEBUG] Found task_runlog: id=1884c278-5e4c-44c2-a426-8761bb5abe4b, parent=a627dbb1-b169-4018-a3d4-22a97de04aaa, root=051ae6f7-157b-42aa-9ffa-8ef92ab3ccf3, runbook=None, task=PcMountNgt
[DEBUG] Found task_runlog: id=079787ca-4a88-446c-b31b-402ff4c4caf2, parent=a627dbb1-b169-4018-a3d4-22a97de04aaa, root=051ae6f7-157b-42aa-9ffa-8ef92ab3ccf3, runbook=None, task=ApplyLinuxUpdates
[DEBUG] Found task_runlog: id=222e2e77-22fc-4ccc-88fe-7f38ab8e6122, parent=a627dbb1-b169-4018-a3d4-22a97de04aaa, root=051ae6f7-157b-42aa-9ffa-8ef92ab3ccf3, runbook=None, task=InitializeDataDisk
[DEBUG] Found task_runlog: id=d02ac997-3383-421e-9ece-b7119e172b3a, parent=a627dbb1-b169-4018-a3d4-22a97de04aaa, root=051ae6f7-157b-42aa-9ffa-8ef92ab3ccf3, runbook=None, task=DisableSelinux
[DEBUG] Found runbook_runlog: id=a627dbb1-b169-4018-a3d4-22a97de04aaa, parent=88593950-1470-4976-8fb9-aa2fa0d5acef, root=051ae6f7-157b-42aa-9ffa-8ef92ab3ccf3, runbook=SYS_GEN__Runbook_Package_d3894d5f_695d_486f_9772_3c288407379c, task=None
[DEBUG] runbook_runlog SYS_GEN__Runbook_Package_d3894d5f_695d_486f_9772_3c288407379c: created=1779944486807298, updated=1779944831682733, duration=344.875435s (5.7m)
[DEBUG] Found task_runlog: id=896e5311-88df-47d5-ac62-113fade5cc5d, parent=7370fb5b-501a-4c5e-8266-622395d869e0, root=051ae6f7-157b-42aa-9ffa-8ef92ab3ccf3, runbook=None, task=SYS_GEN__Nutanix_Provision_fe804453_c115_492d_8028_ed1c440841fb
[DEBUG] Found runbook_runlog: id=7370fb5b-501a-4c5e-8266-622395d869e0, parent=88593950-1470-4976-8fb9-aa2fa0d5acef, root=051ae6f7-157b-42aa-9ffa-8ef92ab3ccf3, runbook=SYS_GEN__Runbook_Substrate_fe804453_c115_492d_8028_ed1c440841fb, task=None
[DEBUG] runbook_runlog SYS_GEN__Runbook_Substrate_fe804453_c115_492d_8028_ed1c440841fb: created=1779944189680285, updated=1779944486665810, duration=296.985525s (4.9m)
[DEBUG] Found task_runlog: id=f86176d3-091d-4540-a067-4fc83813478b, parent=36326db5-5913-4141-954a-e70e2436519a, root=051ae6f7-157b-42aa-9ffa-8ef92ab3ccf3, runbook=None, task=Task1
[DEBUG] Found runbook_runlog: id=36326db5-5913-4141-954a-e70e2436519a, parent=88593950-1470-4976-8fb9-aa2fa0d5acef, root=051ae6f7-157b-42aa-9ffa-8ef92ab3ccf3, runbook=c375b9c9_runbook, task=None
[DEBUG] runbook_runlog c375b9c9_runbook: created=1779944176228186, updated=1779944189218145, duration=12.989959s (0.2m)
[DEBUG] Found task_runlog: id=ceb427de-115a-4666-b22c-4194f313a13b, parent=88593950-1470-4976-8fb9-aa2fa0d5acef, root=051ae6f7-157b-42aa-9ffa-8ef92ab3ccf3, runbook=None, task=SYS_GEN__DE_Provision_3e41ee07_c341_4078_b878_c529c68d69ca
[DEBUG] Found runbook_runlog: id=88593950-1470-4976-8fb9-aa2fa0d5acef, parent=051ae6f7-157b-42aa-9ffa-8ef92ab3ccf3, root=051ae6f7-157b-42aa-9ffa-8ef92ab3ccf3, runbook=SYS_GEN__Runbook_Application_b2e04e99_3c4a_4e2c_8ba1_386ca1bb0641, task=None
[DEBUG] runbook_runlog SYS_GEN__Runbook_Application_b2e04e99_3c4a_4e2c_8ba1_386ca1bb0641: created=1779944164706594, updated=1779944967181685, duration=802.475091s (13.4m)
[DEBUG] Found task_runlog: id=fe5785e2-993c-496c-8076-2835ee3c2933, parent=86314d87-f385-40b6-8bd2-9b2d828819f4, root=051ae6f7-157b-42aa-9ffa-8ef92ab3ccf3, runbook=None, task=Exec task to populate credential: dynamic_cred of blueprint
[DEBUG] Found task_runlog: id=ea1a0404-49cd-4cca-8635-4681252aedbb, parent=86314d87-f385-40b6-8bd2-9b2d828819f4, root=051ae6f7-157b-42aa-9ffa-8ef92ab3ccf3, runbook=None, task=Task 1
[DEBUG] Found runbook_runlog: id=86314d87-f385-40b6-8bd2-9b2d828819f4, parent=051ae6f7-157b-42aa-9ffa-8ef92ab3ccf3, root=051ae6f7-157b-42aa-9ffa-8ef92ab3ccf3, runbook=Untitled Runbook, task=None
[DEBUG] runbook_runlog Untitled Runbook: created=1779944139491338, updated=1779944164520649, duration=25.029311s (0.4m)
[DEBUG] parse_runlogs_json: Built 26 nodes, entity types: {'action_runlog': 1, 'runbook_runlog': 8, 'task_runlog': 16, 'policy_runlog': 1}
[DEBUG] Tree: runbook_runlog 13ee26f3... attached as child of parent 051ae6f7...
[DEBUG] Tree: runbook_runlog a8ed7ddd... attached as child of parent 88593950...
[DEBUG] Tree: task_runlog 40151201... attached as child of parent 2aa17ad9...
[DEBUG] Tree: task_runlog 041538ad... attached as child of parent 2aa17ad9...
[DEBUG] Tree: task_runlog 392dd4d8... attached as child of parent 2aa17ad9...
[DEBUG] Tree: runbook_runlog 2aa17ad9... attached as child of parent 88593950...
[DEBUG] Tree: task_runlog 8a80da0c... attached as child of parent a627dbb1...
[DEBUG] Tree: task_runlog a2c8850e... attached as child of parent a627dbb1...
[DEBUG] Tree: task_runlog ea837754... attached as child of parent a627dbb1...
[DEBUG] Tree: task_runlog fec3a7d8... attached as child of parent a627dbb1...
[DEBUG] Tree: task_runlog 1884c278... attached as child of parent a627dbb1...
[DEBUG] Tree: task_runlog 079787ca... attached as child of parent a627dbb1...
[DEBUG] Tree: task_runlog 222e2e77... attached as child of parent a627dbb1...
[DEBUG] Tree: task_runlog d02ac997... attached as child of parent a627dbb1...
[DEBUG] Tree: runbook_runlog a627dbb1... attached as child of parent 88593950...
[DEBUG] Tree: task_runlog 896e5311... attached as child of parent 7370fb5b...
[DEBUG] Tree: runbook_runlog 7370fb5b... attached as child of parent 88593950...
[DEBUG] Tree: task_runlog f86176d3... attached as child of parent 36326db5...
[DEBUG] Tree: runbook_runlog 36326db5... attached as child of parent 88593950...
[DEBUG] Tree: task_runlog ceb427de... attached as child of parent 88593950...
[DEBUG] Tree: runbook_runlog 88593950... attached as child of parent 051ae6f7...
[DEBUG] Tree: task_runlog fe5785e2... attached as child of parent 86314d87...
[DEBUG] Tree: task_runlog ea1a0404... attached as child of parent 86314d87...
[DEBUG] Tree: runbook_runlog 86314d87... attached as child of parent 051ae6f7...
[DEBUG] Tree: policy_runlog dc8e6287... attached as child of parent 051ae6f7...
[DEBUG] parse_runlogs_json: Added root 051ae6f7-157b-42aa-9ffa-8ef92ab3ccf3 with 1 root nodes, total children: 4
[DEBUG] parse_runlogs_json: Returning forest with 1 root trees
[INFO] Successfully parsed runlogs for Blueprint UUID: 00b8c3bd-9977-434f-a9dc-89de54698331 (forest: 1 roots, 1 total nodes)
[INFO] Fetching runlogs for Blueprint UUID: 5c768667-48b2-439c-814a-738d40ab3366
[DEBUG] Received 1 top-level entities for 5c768667-48b2-439c-814a-738d40ab3366
[DEBUG] Found action_runlog with UUID: daa9a402-d3d7-466c-b6d8-087dccba866a
[DEBUG] Entity types: {'action_runlog': 1}
[DEBUG] Fetching nested runlogs for 1 action_runlogs...
[DEBUG] Found 25 nested runlogs for action_runlog daa9a402-d3d7-466c-b6d8-087dccba866a, types: {'runbook_runlog': 8, 'task_runlog': 16, 'policy_runlog': 1}
[DEBUG] Found 25 nested runbook/task runlogs
[INFO] Received 26 runlog entities for Blueprint UUID: 5c768667-48b2-439c-814a-738d40ab3366
[DEBUG] Entity types received: {'action_runlog': 1, 'runbook_runlog': 8, 'task_runlog': 16, 'policy_runlog': 1}
[DEBUG] parse_runlogs_json: Processing 26 entities
[DEBUG] action_runlog daa9a402-d3d7-466c-b6d8-087dccba866a: created=1779944130589701, updated=1779944956520777, duration=825.931076s (13.8m)
[DEBUG] Found runbook_runlog: id=e5e48558-a806-416e-9186-5d0327fc581e, parent=daa9a402-d3d7-466c-b6d8-087dccba866a, root=daa9a402-d3d7-466c-b6d8-087dccba866a, runbook=SYS_GEN__Runbook_Postprocessor, task=None
[DEBUG] runbook_runlog SYS_GEN__Runbook_Postprocessor: created=1779944955537900, updated=1779944955741899, duration=0.203999s (0.0m)
[DEBUG] Found runbook_runlog: id=ee98eb40-c10f-4dc2-b3d0-28b4e880e384, parent=9636c088-dd4a-4313-bf92-73bfe1c20de8, root=daa9a402-d3d7-466c-b6d8-087dccba866a, runbook=Linux___start___runbook, task=None
[DEBUG] runbook_runlog Linux___start___runbook: created=1779944953294946, updated=1779944955282104, duration=1.987158s (0.0m)
[DEBUG] Found task_runlog: id=718bcb28-f28a-4cbf-8dc5-7026c2d0010d, parent=76e528cc-6569-44ba-a556-dcb76ac0f4d1, root=daa9a402-d3d7-466c-b6d8-087dccba866a, runbook=None, task=SendMail
[DEBUG] Found task_runlog: id=7c2c35c7-c5a3-40ca-8b9a-bbc1ef14400e, parent=76e528cc-6569-44ba-a556-dcb76ac0f4d1, root=daa9a402-d3d7-466c-b6d8-087dccba866a, runbook=None, task=UpdateRoot
[DEBUG] Found task_runlog: id=756e87dd-7054-4c53-bfa7-08eab99eb53c, parent=76e528cc-6569-44ba-a556-dcb76ac0f4d1, root=daa9a402-d3d7-466c-b6d8-087dccba866a, runbook=None, task=EjectCdrom
[DEBUG] Found runbook_runlog: id=76e528cc-6569-44ba-a556-dcb76ac0f4d1, parent=9636c088-dd4a-4313-bf92-73bfe1c20de8, root=daa9a402-d3d7-466c-b6d8-087dccba866a, runbook=Linux___create___runbook, task=None
[DEBUG] runbook_runlog Linux___create___runbook: created=1779944821199851, updated=1779944953131394, duration=131.931543s (2.2m)
[DEBUG] Found task_runlog: id=206d07b8-618f-489a-96f0-fde8de07ec3c, parent=91c08101-5a9b-4f0d-b57f-99c0aff5dfeb, root=daa9a402-d3d7-466c-b6d8-087dccba866a, runbook=None, task=print variable and creds
[DEBUG] Found task_runlog: id=35dd4d87-367b-4c71-9999-7d07168dfb11, parent=91c08101-5a9b-4f0d-b57f-99c0aff5dfeb, root=daa9a402-d3d7-466c-b6d8-087dccba866a, runbook=None, task=InstallNginx
[DEBUG] Found task_runlog: id=a36dcae4-1736-4231-8227-01c7d1e4a426, parent=91c08101-5a9b-4f0d-b57f-99c0aff5dfeb, root=daa9a402-d3d7-466c-b6d8-087dccba866a, runbook=None, task=InstallNgt
[DEBUG] Found task_runlog: id=7cd22b1b-fa1a-444b-9ac9-db234f86a8f1, parent=91c08101-5a9b-4f0d-b57f-99c0aff5dfeb, root=daa9a402-d3d7-466c-b6d8-087dccba866a, runbook=None, task=Wait20
[DEBUG] Found task_runlog: id=1af9f5e0-4876-443b-8422-f602e13c1422, parent=91c08101-5a9b-4f0d-b57f-99c0aff5dfeb, root=daa9a402-d3d7-466c-b6d8-087dccba866a, runbook=None, task=PcMountNgt
[DEBUG] Found task_runlog: id=a08a817b-965f-407c-bdd5-982019700466, parent=91c08101-5a9b-4f0d-b57f-99c0aff5dfeb, root=daa9a402-d3d7-466c-b6d8-087dccba866a, runbook=None, task=ApplyLinuxUpdates
[DEBUG] Found task_runlog: id=f3259d2f-9d77-4fb3-83c5-85beb1da6dd5, parent=91c08101-5a9b-4f0d-b57f-99c0aff5dfeb, root=daa9a402-d3d7-466c-b6d8-087dccba866a, runbook=None, task=InitializeDataDisk
[DEBUG] Found task_runlog: id=0c189d72-c0fc-4154-b0cd-40a7794eeee6, parent=91c08101-5a9b-4f0d-b57f-99c0aff5dfeb, root=daa9a402-d3d7-466c-b6d8-087dccba866a, runbook=None, task=DisableSelinux
[DEBUG] Found runbook_runlog: id=91c08101-5a9b-4f0d-b57f-99c0aff5dfeb, parent=9636c088-dd4a-4313-bf92-73bfe1c20de8, root=daa9a402-d3d7-466c-b6d8-087dccba866a, runbook=SYS_GEN__Runbook_Package_c625ed98_e978_4e9b_a881_eed46863cc15, task=None
[DEBUG] runbook_runlog SYS_GEN__Runbook_Package_c625ed98_e978_4e9b_a881_eed46863cc15: created=1779944481572862, updated=1779944821033707, duration=339.460845s (5.7m)
[DEBUG] Found task_runlog: id=124cf7d9-2445-4e58-8784-6665f72ec4ed, parent=76951510-f678-4f36-b40b-9b35bab988e9, root=daa9a402-d3d7-466c-b6d8-087dccba866a, runbook=None, task=SYS_GEN__Nutanix_Provision_48e6b6aa_4c1f_4ed1_a6b0_707dd9107bb9
[DEBUG] Found runbook_runlog: id=76951510-f678-4f36-b40b-9b35bab988e9, parent=9636c088-dd4a-4313-bf92-73bfe1c20de8, root=daa9a402-d3d7-466c-b6d8-087dccba866a, runbook=SYS_GEN__Runbook_Substrate_48e6b6aa_4c1f_4ed1_a6b0_707dd9107bb9, task=None
[DEBUG] runbook_runlog SYS_GEN__Runbook_Substrate_48e6b6aa_4c1f_4ed1_a6b0_707dd9107bb9: created=1779944185908102, updated=1779944481345639, duration=295.437537s (4.9m)
[DEBUG] Found task_runlog: id=b38547f2-6f25-452a-a10d-52e27e4bc186, parent=f4513a01-3c1c-4aa9-8172-5305d5083cfb, root=daa9a402-d3d7-466c-b6d8-087dccba866a, runbook=None, task=Task1
[DEBUG] Found runbook_runlog: id=f4513a01-3c1c-4aa9-8172-5305d5083cfb, parent=9636c088-dd4a-4313-bf92-73bfe1c20de8, root=daa9a402-d3d7-466c-b6d8-087dccba866a, runbook=c375b9c9_runbook, task=None
[DEBUG] runbook_runlog c375b9c9_runbook: created=1779944174484003, updated=1779944185492554, duration=11.008551s (0.2m)
[DEBUG] Found task_runlog: id=1166a581-1f2e-4ecf-9b4d-0dfdcac7944b, parent=9636c088-dd4a-4313-bf92-73bfe1c20de8, root=daa9a402-d3d7-466c-b6d8-087dccba866a, runbook=None, task=SYS_GEN__DE_Provision_dcdf5cef_0950_4bde_93f4_63ab3dd5c993
[DEBUG] Found runbook_runlog: id=9636c088-dd4a-4313-bf92-73bfe1c20de8, parent=daa9a402-d3d7-466c-b6d8-087dccba866a, root=daa9a402-d3d7-466c-b6d8-087dccba866a, runbook=SYS_GEN__Runbook_Application_3ad04810_181a_4ddb_9d1e_e197131ac283, task=None
[DEBUG] runbook_runlog SYS_GEN__Runbook_Application_3ad04810_181a_4ddb_9d1e_e197131ac283: created=1779944163900210, updated=1779944955419206, duration=791.518996s (13.2m)
[DEBUG] Found task_runlog: id=bdf9127e-e9d3-436c-8b8d-2314cb95e4b1, parent=25863dde-5c43-4675-a41d-80f1b98ba097, root=daa9a402-d3d7-466c-b6d8-087dccba866a, runbook=None, task=Exec task to populate credential: dynamic_cred of blueprint
[DEBUG] Found task_runlog: id=e2908469-0976-4f31-876c-9495fece236f, parent=25863dde-5c43-4675-a41d-80f1b98ba097, root=daa9a402-d3d7-466c-b6d8-087dccba866a, runbook=None, task=Task 1
[DEBUG] Found runbook_runlog: id=25863dde-5c43-4675-a41d-80f1b98ba097, parent=daa9a402-d3d7-466c-b6d8-087dccba866a, root=daa9a402-d3d7-466c-b6d8-087dccba866a, runbook=Untitled Runbook, task=None
[DEBUG] runbook_runlog Untitled Runbook: created=1779944139987170, updated=1779944163699760, duration=23.71259s (0.4m)
[DEBUG] parse_runlogs_json: Built 26 nodes, entity types: {'action_runlog': 1, 'runbook_runlog': 8, 'task_runlog': 16, 'policy_runlog': 1}
[DEBUG] Tree: runbook_runlog e5e48558... attached as child of parent daa9a402...
[DEBUG] Tree: runbook_runlog ee98eb40... attached as child of parent 9636c088...
[DEBUG] Tree: task_runlog 718bcb28... attached as child of parent 76e528cc...
[DEBUG] Tree: task_runlog 7c2c35c7... attached as child of parent 76e528cc...
[DEBUG] Tree: task_runlog 756e87dd... attached as child of parent 76e528cc...
[DEBUG] Tree: runbook_runlog 76e528cc... attached as child of parent 9636c088...
[DEBUG] Tree: task_runlog 206d07b8... attached as child of parent 91c08101...
[DEBUG] Tree: task_runlog 35dd4d87... attached as child of parent 91c08101...
[DEBUG] Tree: task_runlog a36dcae4... attached as child of parent 91c08101...
[DEBUG] Tree: task_runlog 7cd22b1b... attached as child of parent 91c08101...
[DEBUG] Tree: task_runlog 1af9f5e0... attached as child of parent 91c08101...
[DEBUG] Tree: task_runlog a08a817b... attached as child of parent 91c08101...
[DEBUG] Tree: task_runlog f3259d2f... attached as child of parent 91c08101...
[DEBUG] Tree: task_runlog 0c189d72... attached as child of parent 91c08101...
[DEBUG] Tree: runbook_runlog 91c08101... attached as child of parent 9636c088...
[DEBUG] Tree: task_runlog 124cf7d9... attached as child of parent 76951510...
[DEBUG] Tree: runbook_runlog 76951510... attached as child of parent 9636c088...
[DEBUG] Tree: task_runlog b38547f2... attached as child of parent f4513a01...
[DEBUG] Tree: runbook_runlog f4513a01... attached as child of parent 9636c088...
[DEBUG] Tree: task_runlog 1166a581... attached as child of parent 9636c088...
[DEBUG] Tree: runbook_runlog 9636c088... attached as child of parent daa9a402...
[DEBUG] Tree: task_runlog bdf9127e... attached as child of parent 25863dde...
[DEBUG] Tree: task_runlog e2908469... attached as child of parent 25863dde...
[DEBUG] Tree: runbook_runlog 25863dde... attached as child of parent daa9a402...
[DEBUG] Tree: policy_runlog 0336bd4d... attached as child of parent daa9a402...
[DEBUG] parse_runlogs_json: Added root daa9a402-d3d7-466c-b6d8-087dccba866a with 1 root nodes, total children: 4
[DEBUG] parse_runlogs_json: Returning forest with 1 root trees
[INFO] Successfully parsed runlogs for Blueprint UUID: 5c768667-48b2-439c-814a-738d40ab3366 (forest: 1 roots, 1 total nodes)
[INFO] Fetching runlogs for Blueprint UUID: 19f1962e-077f-4c7c-b967-0196215eb75a
[DEBUG] Received 1 top-level entities for 19f1962e-077f-4c7c-b967-0196215eb75a
[DEBUG] Found action_runlog with UUID: adb5378b-82c1-40cd-877e-e61f7c1bb8e8
[DEBUG] Entity types: {'action_runlog': 1}
[DEBUG] Fetching nested runlogs for 1 action_runlogs...
[DEBUG] Found 25 nested runlogs for action_runlog adb5378b-82c1-40cd-877e-e61f7c1bb8e8, types: {'runbook_runlog': 8, 'task_runlog': 16, 'policy_runlog': 1}
[DEBUG] Found 25 nested runbook/task runlogs
[INFO] Received 26 runlog entities for Blueprint UUID: 19f1962e-077f-4c7c-b967-0196215eb75a
[DEBUG] Entity types received: {'action_runlog': 1, 'runbook_runlog': 8, 'task_runlog': 16, 'policy_runlog': 1}
[DEBUG] parse_runlogs_json: Processing 26 entities
[DEBUG] action_runlog adb5378b-82c1-40cd-877e-e61f7c1bb8e8: created=1779944127198219, updated=1779944969760101, duration=842.561882s (14.0m)
[DEBUG] Found runbook_runlog: id=b944e5fd-66f5-4bda-80ba-72f90b57f979, parent=adb5378b-82c1-40cd-877e-e61f7c1bb8e8, root=adb5378b-82c1-40cd-877e-e61f7c1bb8e8, runbook=SYS_GEN__Runbook_Postprocessor, task=None
[DEBUG] runbook_runlog SYS_GEN__Runbook_Postprocessor: created=1779944967994784, updated=1779944968871077, duration=0.876293s (0.0m)
[DEBUG] Found runbook_runlog: id=ddd8663a-b813-474d-b99c-60a13bad7df7, parent=38e8ffc0-21c4-47e2-bb1a-38086a762138, root=adb5378b-82c1-40cd-877e-e61f7c1bb8e8, runbook=Linux___start___runbook, task=None
[DEBUG] runbook_runlog Linux___start___runbook: created=1779944964814145, updated=1779944967209834, duration=2.395689s (0.0m)
[DEBUG] Found task_runlog: id=f31aca10-2e4f-493d-8f5c-c9e3594937a0, parent=92d6bcb9-304b-4218-94ba-f72280d4f60c, root=adb5378b-82c1-40cd-877e-e61f7c1bb8e8, runbook=None, task=SendMail
[DEBUG] Found task_runlog: id=41dd8a07-6bf8-4721-9673-e8c5fd06f3b0, parent=92d6bcb9-304b-4218-94ba-f72280d4f60c, root=adb5378b-82c1-40cd-877e-e61f7c1bb8e8, runbook=None, task=UpdateRoot
[DEBUG] Found task_runlog: id=8554db8e-7e09-423f-a946-84ebd9e474a5, parent=92d6bcb9-304b-4218-94ba-f72280d4f60c, root=adb5378b-82c1-40cd-877e-e61f7c1bb8e8, runbook=None, task=EjectCdrom
[DEBUG] Found runbook_runlog: id=92d6bcb9-304b-4218-94ba-f72280d4f60c, parent=38e8ffc0-21c4-47e2-bb1a-38086a762138, root=adb5378b-82c1-40cd-877e-e61f7c1bb8e8, runbook=Linux___create___runbook, task=None
[DEBUG] runbook_runlog Linux___create___runbook: created=1779944832262127, updated=1779944964556313, duration=132.294186s (2.2m)
[DEBUG] Found task_runlog: id=7d5c05dd-15fb-45bb-a560-ba9e16b0c1a2, parent=739b9c5e-f48e-42fd-8576-d33f14a6e2c7, root=adb5378b-82c1-40cd-877e-e61f7c1bb8e8, runbook=None, task=print variable and creds
[DEBUG] Found task_runlog: id=7103df6f-eb03-4d92-87f8-c0b75c9498af, parent=739b9c5e-f48e-42fd-8576-d33f14a6e2c7, root=adb5378b-82c1-40cd-877e-e61f7c1bb8e8, runbook=None, task=InstallNginx
[DEBUG] Found task_runlog: id=88cbce10-e852-4e47-8013-6f73c3be5fca, parent=739b9c5e-f48e-42fd-8576-d33f14a6e2c7, root=adb5378b-82c1-40cd-877e-e61f7c1bb8e8, runbook=None, task=InstallNgt
[DEBUG] Found task_runlog: id=b49fd532-18e1-4ea5-b4c6-edc16bfda93b, parent=739b9c5e-f48e-42fd-8576-d33f14a6e2c7, root=adb5378b-82c1-40cd-877e-e61f7c1bb8e8, runbook=None, task=Wait20
[DEBUG] Found task_runlog: id=4dcf4bdf-5ae4-46a9-bc77-3ada1e468004, parent=739b9c5e-f48e-42fd-8576-d33f14a6e2c7, root=adb5378b-82c1-40cd-877e-e61f7c1bb8e8, runbook=None, task=PcMountNgt
[DEBUG] Found task_runlog: id=415fa5d6-5223-4333-9eb6-beb3b5dcfdae, parent=739b9c5e-f48e-42fd-8576-d33f14a6e2c7, root=adb5378b-82c1-40cd-877e-e61f7c1bb8e8, runbook=None, task=ApplyLinuxUpdates
[DEBUG] Found task_runlog: id=d961084b-4c35-4856-b445-59726ecd26d5, parent=739b9c5e-f48e-42fd-8576-d33f14a6e2c7, root=adb5378b-82c1-40cd-877e-e61f7c1bb8e8, runbook=None, task=InitializeDataDisk
[DEBUG] Found task_runlog: id=27322cdf-a211-4c33-bc97-0afc6cb60d13, parent=739b9c5e-f48e-42fd-8576-d33f14a6e2c7, root=adb5378b-82c1-40cd-877e-e61f7c1bb8e8, runbook=None, task=DisableSelinux
[DEBUG] Found runbook_runlog: id=739b9c5e-f48e-42fd-8576-d33f14a6e2c7, parent=38e8ffc0-21c4-47e2-bb1a-38086a762138, root=adb5378b-82c1-40cd-877e-e61f7c1bb8e8, runbook=SYS_GEN__Runbook_Package_f9d37277_4ddb_4817_8c7b_969a634e0c54, task=None
[DEBUG] runbook_runlog SYS_GEN__Runbook_Package_f9d37277_4ddb_4817_8c7b_969a634e0c54: created=1779944485358971, updated=1779944832194493, duration=346.835522s (5.8m)
[DEBUG] Found task_runlog: id=31bca811-f363-4e46-93b8-d0d4f7135fff, parent=d12ad180-7c53-443b-94c7-6df75d9ed549, root=adb5378b-82c1-40cd-877e-e61f7c1bb8e8, runbook=None, task=SYS_GEN__Nutanix_Provision_b210d123_9e0a_44ad_8a4f_552249d2cf3c
[DEBUG] Found runbook_runlog: id=d12ad180-7c53-443b-94c7-6df75d9ed549, parent=38e8ffc0-21c4-47e2-bb1a-38086a762138, root=adb5378b-82c1-40cd-877e-e61f7c1bb8e8, runbook=SYS_GEN__Runbook_Substrate_b210d123_9e0a_44ad_8a4f_552249d2cf3c, task=None
[DEBUG] runbook_runlog SYS_GEN__Runbook_Substrate_b210d123_9e0a_44ad_8a4f_552249d2cf3c: created=1779944187105036, updated=1779944485194795, duration=298.089759s (5.0m)
[DEBUG] Found task_runlog: id=ae531c5e-8417-4a3d-bd54-533d17cbbcb5, parent=e60ac497-175f-4a38-a12a-e6b103e0dc36, root=adb5378b-82c1-40cd-877e-e61f7c1bb8e8, runbook=None, task=Task1
[DEBUG] Found runbook_runlog: id=e60ac497-175f-4a38-a12a-e6b103e0dc36, parent=38e8ffc0-21c4-47e2-bb1a-38086a762138, root=adb5378b-82c1-40cd-877e-e61f7c1bb8e8, runbook=c375b9c9_runbook, task=None
[DEBUG] runbook_runlog c375b9c9_runbook: created=1779944176334161, updated=1779944186607681, duration=10.27352s (0.2m)
[DEBUG] Found task_runlog: id=baf04591-47b5-4196-bd91-181dac4c8053, parent=38e8ffc0-21c4-47e2-bb1a-38086a762138, root=adb5378b-82c1-40cd-877e-e61f7c1bb8e8, runbook=None, task=SYS_GEN__DE_Provision_e068c347_24ec_4d15_a6a3_323c2cb24895
[DEBUG] Found runbook_runlog: id=38e8ffc0-21c4-47e2-bb1a-38086a762138, parent=adb5378b-82c1-40cd-877e-e61f7c1bb8e8, root=adb5378b-82c1-40cd-877e-e61f7c1bb8e8, runbook=SYS_GEN__Runbook_Application_dd4bb57e_70d2_4bd8_8ed9_780dec4f4970, task=None
[DEBUG] runbook_runlog SYS_GEN__Runbook_Application_dd4bb57e_70d2_4bd8_8ed9_780dec4f4970: created=1779944165100823, updated=1779944967596317, duration=802.495494s (13.4m)
[DEBUG] Found task_runlog: id=8dab341e-7dbc-41f1-a195-225afb8e8ddc, parent=d2de8db6-c006-4c63-8d42-4ce68c4ae2ef, root=adb5378b-82c1-40cd-877e-e61f7c1bb8e8, runbook=None, task=Exec task to populate credential: dynamic_cred of blueprint
[DEBUG] Found task_runlog: id=7881e177-7b53-453e-ae6c-22b7e6d8447e, parent=d2de8db6-c006-4c63-8d42-4ce68c4ae2ef, root=adb5378b-82c1-40cd-877e-e61f7c1bb8e8, runbook=None, task=Task 1
[DEBUG] Found runbook_runlog: id=d2de8db6-c006-4c63-8d42-4ce68c4ae2ef, parent=adb5378b-82c1-40cd-877e-e61f7c1bb8e8, root=adb5378b-82c1-40cd-877e-e61f7c1bb8e8, runbook=Untitled Runbook, task=None
[DEBUG] runbook_runlog Untitled Runbook: created=1779944138089566, updated=1779944164743598, duration=26.654032s (0.4m)
[DEBUG] parse_runlogs_json: Built 26 nodes, entity types: {'action_runlog': 1, 'runbook_runlog': 8, 'task_runlog': 16, 'policy_runlog': 1}
[DEBUG] Tree: runbook_runlog b944e5fd... attached as child of parent adb5378b...
[DEBUG] Tree: runbook_runlog ddd8663a... attached as child of parent 38e8ffc0...
[DEBUG] Tree: task_runlog f31aca10... attached as child of parent 92d6bcb9...
[DEBUG] Tree: task_runlog 41dd8a07... attached as child of parent 92d6bcb9...
[DEBUG] Tree: task_runlog 8554db8e... attached as child of parent 92d6bcb9...
[DEBUG] Tree: runbook_runlog 92d6bcb9... attached as child of parent 38e8ffc0...
[DEBUG] Tree: task_runlog 7d5c05dd... attached as child of parent 739b9c5e...
[DEBUG] Tree: task_runlog 7103df6f... attached as child of parent 739b9c5e...
[DEBUG] Tree: task_runlog 88cbce10... attached as child of parent 739b9c5e...
[DEBUG] Tree: task_runlog b49fd532... attached as child of parent 739b9c5e...
[DEBUG] Tree: task_runlog 4dcf4bdf... attached as child of parent 739b9c5e...
[DEBUG] Tree: task_runlog 415fa5d6... attached as child of parent 739b9c5e...
[DEBUG] Tree: task_runlog d961084b... attached as child of parent 739b9c5e...
[DEBUG] Tree: task_runlog 27322cdf... attached as child of parent 739b9c5e...
[DEBUG] Tree: runbook_runlog 739b9c5e... attached as child of parent 38e8ffc0...
[DEBUG] Tree: task_runlog 31bca811... attached as child of parent d12ad180...
[DEBUG] Tree: runbook_runlog d12ad180... attached as child of parent 38e8ffc0...
[DEBUG] Tree: task_runlog ae531c5e... attached as child of parent e60ac497...
[DEBUG] Tree: runbook_runlog e60ac497... attached as child of parent 38e8ffc0...
[DEBUG] Tree: task_runlog baf04591... attached as child of parent 38e8ffc0...
[DEBUG] Tree: runbook_runlog 38e8ffc0... attached as child of parent adb5378b...
[DEBUG] Tree: task_runlog 8dab341e... attached as child of parent d2de8db6...
[DEBUG] Tree: task_runlog 7881e177... attached as child of parent d2de8db6...
[DEBUG] Tree: runbook_runlog d2de8db6... attached as child of parent adb5378b...
[DEBUG] Tree: policy_runlog 4e0b0f9c... attached as child of parent adb5378b...
[DEBUG] parse_runlogs_json: Added root adb5378b-82c1-40cd-877e-e61f7c1bb8e8 with 1 root nodes, total children: 4
[DEBUG] parse_runlogs_json: Returning forest with 1 root trees
[INFO] Successfully parsed runlogs for Blueprint UUID: 19f1962e-077f-4c7c-b967-0196215eb75a (forest: 1 roots, 1 total nodes)
[INFO] Fetching runlogs for Blueprint UUID: 779407ca-4c1c-4764-a638-993d6495e2b9
[DEBUG] Received 1 top-level entities for 779407ca-4c1c-4764-a638-993d6495e2b9
[DEBUG] Found action_runlog with UUID: a384a398-31d8-4a32-b4bd-164cc4e261b6
[DEBUG] Entity types: {'action_runlog': 1}
[DEBUG] Fetching nested runlogs for 1 action_runlogs...
[DEBUG] Found 25 nested runlogs for action_runlog a384a398-31d8-4a32-b4bd-164cc4e261b6, types: {'runbook_runlog': 8, 'task_runlog': 16, 'policy_runlog': 1}
[DEBUG] Found 25 nested runbook/task runlogs
[INFO] Received 26 runlog entities for Blueprint UUID: 779407ca-4c1c-4764-a638-993d6495e2b9
[DEBUG] Entity types received: {'action_runlog': 1, 'runbook_runlog': 8, 'task_runlog': 16, 'policy_runlog': 1}
[DEBUG] parse_runlogs_json: Processing 26 entities
[DEBUG] action_runlog a384a398-31d8-4a32-b4bd-164cc4e261b6: created=1779944129652474, updated=1779944969757726, duration=840.105252s (14.0m)
[DEBUG] Found runbook_runlog: id=6005317c-fbd6-464e-a2a3-aa0eb56d52ec, parent=a384a398-31d8-4a32-b4bd-164cc4e261b6, root=a384a398-31d8-4a32-b4bd-164cc4e261b6, runbook=SYS_GEN__Runbook_Postprocessor, task=None
[DEBUG] runbook_runlog SYS_GEN__Runbook_Postprocessor: created=1779944968180993, updated=1779944968819590, duration=0.638597s (0.0m)
[DEBUG] Found runbook_runlog: id=1e27d32b-c9bb-4d55-bce0-b032c5e04c04, parent=3abecab6-2666-4eda-8838-465b7fea2825, root=a384a398-31d8-4a32-b4bd-164cc4e261b6, runbook=Linux___start___runbook, task=None
[DEBUG] runbook_runlog Linux___start___runbook: created=1779944964850930, updated=1779944967578135, duration=2.727205s (0.0m)
[DEBUG] Found task_runlog: id=2e99aa9a-e0a3-45ae-a518-d4ab82be7e0b, parent=75338215-8518-475d-9c3d-b8f09661c4e5, root=a384a398-31d8-4a32-b4bd-164cc4e261b6, runbook=None, task=SendMail
[DEBUG] Found task_runlog: id=62c913d6-6b0b-4f69-bc67-c14537c80c47, parent=75338215-8518-475d-9c3d-b8f09661c4e5, root=a384a398-31d8-4a32-b4bd-164cc4e261b6, runbook=None, task=UpdateRoot
[DEBUG] Found task_runlog: id=0caef1bd-c056-4c2f-ab59-3b9dcb451fd2, parent=75338215-8518-475d-9c3d-b8f09661c4e5, root=a384a398-31d8-4a32-b4bd-164cc4e261b6, runbook=None, task=EjectCdrom
[DEBUG] Found runbook_runlog: id=75338215-8518-475d-9c3d-b8f09661c4e5, parent=3abecab6-2666-4eda-8838-465b7fea2825, root=a384a398-31d8-4a32-b4bd-164cc4e261b6, runbook=Linux___create___runbook, task=None
[DEBUG] runbook_runlog Linux___create___runbook: created=1779944831796757, updated=1779944964756999, duration=132.960242s (2.2m)
[DEBUG] Found task_runlog: id=8febb54f-c059-40f8-b680-ceeb53c02b3b, parent=bce47ec7-c0c6-4a43-a507-e52f0fcf70c2, root=a384a398-31d8-4a32-b4bd-164cc4e261b6, runbook=None, task=print variable and creds
[DEBUG] Found task_runlog: id=c50d4900-55f9-4bc1-b606-b4353a93408a, parent=bce47ec7-c0c6-4a43-a507-e52f0fcf70c2, root=a384a398-31d8-4a32-b4bd-164cc4e261b6, runbook=None, task=InstallNginx
[DEBUG] Found task_runlog: id=05d28413-8803-458d-aca0-250124bf5ab9, parent=bce47ec7-c0c6-4a43-a507-e52f0fcf70c2, root=a384a398-31d8-4a32-b4bd-164cc4e261b6, runbook=None, task=InstallNgt
[DEBUG] Found task_runlog: id=fe7cb0ef-b20f-4152-8ee6-b11e596da2f6, parent=bce47ec7-c0c6-4a43-a507-e52f0fcf70c2, root=a384a398-31d8-4a32-b4bd-164cc4e261b6, runbook=None, task=Wait20
[DEBUG] Found task_runlog: id=cc80afb1-25f4-44bf-971d-850aa92cd86d, parent=bce47ec7-c0c6-4a43-a507-e52f0fcf70c2, root=a384a398-31d8-4a32-b4bd-164cc4e261b6, runbook=None, task=PcMountNgt
[DEBUG] Found task_runlog: id=6765313b-56b2-447e-b035-926d4e50d34d, parent=bce47ec7-c0c6-4a43-a507-e52f0fcf70c2, root=a384a398-31d8-4a32-b4bd-164cc4e261b6, runbook=None, task=ApplyLinuxUpdates
[DEBUG] Found task_runlog: id=698715e0-ec01-4c8d-840c-4d24f2b7b3b6, parent=bce47ec7-c0c6-4a43-a507-e52f0fcf70c2, root=a384a398-31d8-4a32-b4bd-164cc4e261b6, runbook=None, task=InitializeDataDisk
[DEBUG] Found task_runlog: id=a1492755-e3bc-40b6-959c-8d9b23e5bf47, parent=bce47ec7-c0c6-4a43-a507-e52f0fcf70c2, root=a384a398-31d8-4a32-b4bd-164cc4e261b6, runbook=None, task=DisableSelinux
[DEBUG] Found runbook_runlog: id=bce47ec7-c0c6-4a43-a507-e52f0fcf70c2, parent=3abecab6-2666-4eda-8838-465b7fea2825, root=a384a398-31d8-4a32-b4bd-164cc4e261b6, runbook=SYS_GEN__Runbook_Package_76a2a592_e754_436d_9e3e_618aa113125b, task=None
[DEBUG] runbook_runlog SYS_GEN__Runbook_Package_76a2a592_e754_436d_9e3e_618aa113125b: created=1779944488477416, updated=1779944831565594, duration=343.088178s (5.7m)
[DEBUG] Found task_runlog: id=1fe093f1-0309-4df4-b0a3-4849461df248, parent=684a40c7-c64c-4e9d-896d-46a466b8f44a, root=a384a398-31d8-4a32-b4bd-164cc4e261b6, runbook=None, task=SYS_GEN__Nutanix_Provision_23d24737_036e_4638_8fae_c88b73dbb1ad
[DEBUG] Found runbook_runlog: id=684a40c7-c64c-4e9d-896d-46a466b8f44a, parent=3abecab6-2666-4eda-8838-465b7fea2825, root=a384a398-31d8-4a32-b4bd-164cc4e261b6, runbook=SYS_GEN__Runbook_Substrate_23d24737_036e_4638_8fae_c88b73dbb1ad, task=None
[DEBUG] runbook_runlog SYS_GEN__Runbook_Substrate_23d24737_036e_4638_8fae_c88b73dbb1ad: created=1779944187688341, updated=1779944488217294, duration=300.528953s (5.0m)
[DEBUG] Found task_runlog: id=3140cbf8-d87d-4c74-bfba-1e8c362c934e, parent=87fdf990-48e8-4d3a-b49e-fff6d99d1d42, root=a384a398-31d8-4a32-b4bd-164cc4e261b6, runbook=None, task=Task1
[DEBUG] Found runbook_runlog: id=87fdf990-48e8-4d3a-b49e-fff6d99d1d42, parent=3abecab6-2666-4eda-8838-465b7fea2825, root=a384a398-31d8-4a32-b4bd-164cc4e261b6, runbook=c375b9c9_runbook, task=None
[DEBUG] runbook_runlog c375b9c9_runbook: created=1779944173896724, updated=1779944187109014, duration=13.21229s (0.2m)
[DEBUG] Found task_runlog: id=3276638f-a3c5-48c9-9ae9-04d4ab5eaa2e, parent=3abecab6-2666-4eda-8838-465b7fea2825, root=a384a398-31d8-4a32-b4bd-164cc4e261b6, runbook=None, task=SYS_GEN__DE_Provision_c48db727_c8ad_49c3_91c0_06ab73b2089d
[DEBUG] Found runbook_runlog: id=3abecab6-2666-4eda-8838-465b7fea2825, parent=a384a398-31d8-4a32-b4bd-164cc4e261b6, root=a384a398-31d8-4a32-b4bd-164cc4e261b6, runbook=SYS_GEN__Runbook_Application_5f9f3cbf_0b66_4b94_bb47_76756f501ea4, task=None
[DEBUG] runbook_runlog SYS_GEN__Runbook_Application_5f9f3cbf_0b66_4b94_bb47_76756f501ea4: created=1779944154385326, updated=1779944967948046, duration=813.56272s (13.6m)
[DEBUG] Found task_runlog: id=6b8e78ad-67bf-493c-91ea-13f7ac81d9be, parent=04695aa6-6e75-4efa-bf1d-737d27a81ac8, root=a384a398-31d8-4a32-b4bd-164cc4e261b6, runbook=None, task=Exec task to populate credential: dynamic_cred of blueprint
[DEBUG] Found task_runlog: id=c76107a1-39b2-4db8-9301-f5615db1074d, parent=04695aa6-6e75-4efa-bf1d-737d27a81ac8, root=a384a398-31d8-4a32-b4bd-164cc4e261b6, runbook=None, task=Task 1
[DEBUG] Found runbook_runlog: id=04695aa6-6e75-4efa-bf1d-737d27a81ac8, parent=a384a398-31d8-4a32-b4bd-164cc4e261b6, root=a384a398-31d8-4a32-b4bd-164cc4e261b6, runbook=Untitled Runbook, task=None
[DEBUG] runbook_runlog Untitled Runbook: created=1779944138713888, updated=1779944154038189, duration=15.324301s (0.3m)
[DEBUG] parse_runlogs_json: Built 26 nodes, entity types: {'action_runlog': 1, 'runbook_runlog': 8, 'task_runlog': 16, 'policy_runlog': 1}
[DEBUG] Tree: runbook_runlog 6005317c... attached as child of parent a384a398...
[DEBUG] Tree: runbook_runlog 1e27d32b... attached as child of parent 3abecab6...
[DEBUG] Tree: task_runlog 2e99aa9a... attached as child of parent 75338215...
[DEBUG] Tree: task_runlog 62c913d6... attached as child of parent 75338215...
[DEBUG] Tree: task_runlog 0caef1bd... attached as child of parent 75338215...
[DEBUG] Tree: runbook_runlog 75338215... attached as child of parent 3abecab6...
[DEBUG] Tree: task_runlog 8febb54f... attached as child of parent bce47ec7...
[DEBUG] Tree: task_runlog c50d4900... attached as child of parent bce47ec7...
[DEBUG] Tree: task_runlog 05d28413... attached as child of parent bce47ec7...
[DEBUG] Tree: task_runlog fe7cb0ef... attached as child of parent bce47ec7...
[DEBUG] Tree: task_runlog cc80afb1... attached as child of parent bce47ec7...
[DEBUG] Tree: task_runlog 6765313b... attached as child of parent bce47ec7...
[DEBUG] Tree: task_runlog 698715e0... attached as child of parent bce47ec7...
[DEBUG] Tree: task_runlog a1492755... attached as child of parent bce47ec7...
[DEBUG] Tree: runbook_runlog bce47ec7... attached as child of parent 3abecab6...
[DEBUG] Tree: task_runlog 1fe093f1... attached as child of parent 684a40c7...
[DEBUG] Tree: runbook_runlog 684a40c7... attached as child of parent 3abecab6...
[DEBUG] Tree: task_runlog 3140cbf8... attached as child of parent 87fdf990...
[DEBUG] Tree: runbook_runlog 87fdf990... attached as child of parent 3abecab6...
[DEBUG] Tree: task_runlog 3276638f... attached as child of parent 3abecab6...
[DEBUG] Tree: runbook_runlog 3abecab6... attached as child of parent a384a398...
[DEBUG] Tree: task_runlog 6b8e78ad... attached as child of parent 04695aa6...
[DEBUG] Tree: task_runlog c76107a1... attached as child of parent 04695aa6...
[DEBUG] Tree: runbook_runlog 04695aa6... attached as child of parent a384a398...
[DEBUG] Tree: policy_runlog b6da10df... attached as child of parent a384a398...
[DEBUG] parse_runlogs_json: Added root a384a398-31d8-4a32-b4bd-164cc4e261b6 with 1 root nodes, total children: 4
[DEBUG] parse_runlogs_json: Returning forest with 1 root trees
[INFO] Successfully parsed runlogs for Blueprint UUID: 779407ca-4c1c-4764-a638-993d6495e2b9 (forest: 1 roots, 1 total nodes)
[INFO] Fetching runlogs for Blueprint UUID: 8cef05f5-30b0-4386-b48f-d1ff6816ed4e
[DEBUG] Received 1 top-level entities for 8cef05f5-30b0-4386-b48f-d1ff6816ed4e
[DEBUG] Found action_runlog with UUID: 097a910f-fc07-4b00-b49f-e87cdda7f5e1
[DEBUG] Entity types: {'action_runlog': 1}
[DEBUG] Fetching nested runlogs for 1 action_runlogs...
[DEBUG] Found 25 nested runlogs for action_runlog 097a910f-fc07-4b00-b49f-e87cdda7f5e1, types: {'runbook_runlog': 8, 'task_runlog': 16, 'policy_runlog': 1}
[DEBUG] Found 25 nested runbook/task runlogs
[INFO] Received 26 runlog entities for Blueprint UUID: 8cef05f5-30b0-4386-b48f-d1ff6816ed4e
[DEBUG] Entity types received: {'action_runlog': 1, 'runbook_runlog': 8, 'task_runlog': 16, 'policy_runlog': 1}
[DEBUG] parse_runlogs_json: Processing 26 entities
[DEBUG] action_runlog 097a910f-fc07-4b00-b49f-e87cdda7f5e1: created=1779944123348192, updated=1779944970294233, duration=846.946041s (14.1m)
[DEBUG] Found runbook_runlog: id=5d6bc8ef-8be0-4299-979b-66eb02b3ca4d, parent=097a910f-fc07-4b00-b49f-e87cdda7f5e1, root=097a910f-fc07-4b00-b49f-e87cdda7f5e1, runbook=SYS_GEN__Runbook_Postprocessor, task=None
[DEBUG] runbook_runlog SYS_GEN__Runbook_Postprocessor: created=1779944969307027, updated=1779944969554309, duration=0.247282s (0.0m)
[DEBUG] Found runbook_runlog: id=50152dac-5049-43ab-8764-2f5fab9ec4e3, parent=0d2f9d33-7b91-4475-912f-02d5b7ee4e64, root=097a910f-fc07-4b00-b49f-e87cdda7f5e1, runbook=Linux___start___runbook, task=None
[DEBUG] runbook_runlog Linux___start___runbook: created=1779944965708580, updated=1779944968916925, duration=3.208345s (0.1m)
[DEBUG] Found task_runlog: id=f22eee0e-e3c3-4738-a7c1-8b5ac4b1d6c3, parent=6e996d4e-304a-4f2a-abef-5c28e1e8b68e, root=097a910f-fc07-4b00-b49f-e87cdda7f5e1, runbook=None, task=SendMail
[DEBUG] Found task_runlog: id=95306e36-9bf9-4950-9bb2-569b8799e048, parent=6e996d4e-304a-4f2a-abef-5c28e1e8b68e, root=097a910f-fc07-4b00-b49f-e87cdda7f5e1, runbook=None, task=UpdateRoot
[DEBUG] Found task_runlog: id=5c7f58bb-d925-4a49-bc68-01db94708316, parent=6e996d4e-304a-4f2a-abef-5c28e1e8b68e, root=097a910f-fc07-4b00-b49f-e87cdda7f5e1, runbook=None, task=EjectCdrom
[DEBUG] Found runbook_runlog: id=6e996d4e-304a-4f2a-abef-5c28e1e8b68e, parent=0d2f9d33-7b91-4475-912f-02d5b7ee4e64, root=097a910f-fc07-4b00-b49f-e87cdda7f5e1, runbook=Linux___create___runbook, task=None
[DEBUG] runbook_runlog Linux___create___runbook: created=1779944833212562, updated=1779944965569608, duration=132.357046s (2.2m)
[DEBUG] Found task_runlog: id=e9771f43-53ed-4035-8b66-d1e29be6fe20, parent=e3fff3b8-02c2-4eb6-89e5-05497a58078b, root=097a910f-fc07-4b00-b49f-e87cdda7f5e1, runbook=None, task=print variable and creds
[DEBUG] Found task_runlog: id=04b6c1b5-e37e-4607-af9a-ebf284360fb0, parent=e3fff3b8-02c2-4eb6-89e5-05497a58078b, root=097a910f-fc07-4b00-b49f-e87cdda7f5e1, runbook=None, task=InstallNginx
[DEBUG] Found task_runlog: id=e29a46cf-720a-4b96-9334-69f9f747823a, parent=e3fff3b8-02c2-4eb6-89e5-05497a58078b, root=097a910f-fc07-4b00-b49f-e87cdda7f5e1, runbook=None, task=InstallNgt
[DEBUG] Found task_runlog: id=fc1ea966-159f-4668-a3b6-a203508907fa, parent=e3fff3b8-02c2-4eb6-89e5-05497a58078b, root=097a910f-fc07-4b00-b49f-e87cdda7f5e1, runbook=None, task=Wait20
[DEBUG] Found task_runlog: id=ca150b9e-9efc-448c-a8c3-121256b5acfc, parent=e3fff3b8-02c2-4eb6-89e5-05497a58078b, root=097a910f-fc07-4b00-b49f-e87cdda7f5e1, runbook=None, task=PcMountNgt
[DEBUG] Found task_runlog: id=47b37637-48c4-46e2-8671-57c60674fd0d, parent=e3fff3b8-02c2-4eb6-89e5-05497a58078b, root=097a910f-fc07-4b00-b49f-e87cdda7f5e1, runbook=None, task=ApplyLinuxUpdates
[DEBUG] Found task_runlog: id=3440a6da-c3bb-4b9a-baee-27a406b2c176, parent=e3fff3b8-02c2-4eb6-89e5-05497a58078b, root=097a910f-fc07-4b00-b49f-e87cdda7f5e1, runbook=None, task=InitializeDataDisk
[DEBUG] Found task_runlog: id=ccdc91c2-5218-445b-9fb7-d8d3e2d4e0ef, parent=e3fff3b8-02c2-4eb6-89e5-05497a58078b, root=097a910f-fc07-4b00-b49f-e87cdda7f5e1, runbook=None, task=DisableSelinux
[DEBUG] Found runbook_runlog: id=e3fff3b8-02c2-4eb6-89e5-05497a58078b, parent=0d2f9d33-7b91-4475-912f-02d5b7ee4e64, root=097a910f-fc07-4b00-b49f-e87cdda7f5e1, runbook=SYS_GEN__Runbook_Package_454724c1_9030_448c_a9fd_03101a4f84e1, task=None
[DEBUG] runbook_runlog SYS_GEN__Runbook_Package_454724c1_9030_448c_a9fd_03101a4f84e1: created=1779944488170488, updated=1779944832967302, duration=344.796814s (5.7m)
[DEBUG] Found task_runlog: id=d706015f-498a-451b-9899-48d8026b4403, parent=b92f88e4-86eb-4b8b-bc67-e1cbd6658fe4, root=097a910f-fc07-4b00-b49f-e87cdda7f5e1, runbook=None, task=SYS_GEN__Nutanix_Provision_52411b53_6993_4184_8a85_4ceccf3c9b22
[DEBUG] Found runbook_runlog: id=b92f88e4-86eb-4b8b-bc67-e1cbd6658fe4, parent=0d2f9d33-7b91-4475-912f-02d5b7ee4e64, root=097a910f-fc07-4b00-b49f-e87cdda7f5e1, runbook=SYS_GEN__Runbook_Substrate_52411b53_6993_4184_8a85_4ceccf3c9b22, task=None
[DEBUG] runbook_runlog SYS_GEN__Runbook_Substrate_52411b53_6993_4184_8a85_4ceccf3c9b22: created=1779944189416869, updated=1779944488011510, duration=298.594641s (5.0m)
[DEBUG] Found task_runlog: id=796f96c8-f57c-4fbc-8d21-94839d38f8cb, parent=c25d996d-3d59-4765-8009-be2bfaafed66, root=097a910f-fc07-4b00-b49f-e87cdda7f5e1, runbook=None, task=Task1
[DEBUG] Found runbook_runlog: id=c25d996d-3d59-4765-8009-be2bfaafed66, parent=0d2f9d33-7b91-4475-912f-02d5b7ee4e64, root=097a910f-fc07-4b00-b49f-e87cdda7f5e1, runbook=c375b9c9_runbook, task=None
[DEBUG] runbook_runlog c375b9c9_runbook: created=1779944176425716, updated=1779944189093421, duration=12.667705s (0.2m)
[DEBUG] Found task_runlog: id=708b2848-7783-47de-bdfa-2c896d252d95, parent=0d2f9d33-7b91-4475-912f-02d5b7ee4e64, root=097a910f-fc07-4b00-b49f-e87cdda7f5e1, runbook=None, task=SYS_GEN__DE_Provision_597d90bd_74f0_42f8_aaf4_ae55ea958aaa
[DEBUG] Found runbook_runlog: id=0d2f9d33-7b91-4475-912f-02d5b7ee4e64, parent=097a910f-fc07-4b00-b49f-e87cdda7f5e1, root=097a910f-fc07-4b00-b49f-e87cdda7f5e1, runbook=SYS_GEN__Runbook_Application_6bed40a6_f5e5_47ef_a288_454b49e5cf78, task=None
[DEBUG] runbook_runlog SYS_GEN__Runbook_Application_6bed40a6_f5e5_47ef_a288_454b49e5cf78: created=1779944159904590, updated=1779944969110483, duration=809.205893s (13.5m)
[DEBUG] Found task_runlog: id=b0c7cf91-99f4-4f15-9a2b-66e4e4bec417, parent=f43f6e0f-2b12-451c-8b0a-30afb1343f28, root=097a910f-fc07-4b00-b49f-e87cdda7f5e1, runbook=None, task=Exec task to populate credential: dynamic_cred of blueprint
[DEBUG] Found task_runlog: id=add043f4-c9b8-4abb-9297-319b5a2a4d52, parent=f43f6e0f-2b12-451c-8b0a-30afb1343f28, root=097a910f-fc07-4b00-b49f-e87cdda7f5e1, runbook=None, task=Task 1
[DEBUG] Found runbook_runlog: id=f43f6e0f-2b12-451c-8b0a-30afb1343f28, parent=097a910f-fc07-4b00-b49f-e87cdda7f5e1, root=097a910f-fc07-4b00-b49f-e87cdda7f5e1, runbook=Untitled Runbook, task=None
[DEBUG] runbook_runlog Untitled Runbook: created=1779944136492199, updated=1779944159709904, duration=23.217705s (0.4m)
[DEBUG] parse_runlogs_json: Built 26 nodes, entity types: {'action_runlog': 1, 'runbook_runlog': 8, 'task_runlog': 16, 'policy_runlog': 1}
[DEBUG] Tree: runbook_runlog 5d6bc8ef... attached as child of parent 097a910f...
[DEBUG] Tree: runbook_runlog 50152dac... attached as child of parent 0d2f9d33...
[DEBUG] Tree: task_runlog f22eee0e... attached as child of parent 6e996d4e...
[DEBUG] Tree: task_runlog 95306e36... attached as child of parent 6e996d4e...
[DEBUG] Tree: task_runlog 5c7f58bb... attached as child of parent 6e996d4e...
[DEBUG] Tree: runbook_runlog 6e996d4e... attached as child of parent 0d2f9d33...
[DEBUG] Tree: task_runlog e9771f43... attached as child of parent e3fff3b8...
[DEBUG] Tree: task_runlog 04b6c1b5... attached as child of parent e3fff3b8...
[DEBUG] Tree: task_runlog e29a46cf... attached as child of parent e3fff3b8...
[DEBUG] Tree: task_runlog fc1ea966... attached as child of parent e3fff3b8...
[DEBUG] Tree: task_runlog ca150b9e... attached as child of parent e3fff3b8...
[DEBUG] Tree: task_runlog 47b37637... attached as child of parent e3fff3b8...
[DEBUG] Tree: task_runlog 3440a6da... attached as child of parent e3fff3b8...
[DEBUG] Tree: task_runlog ccdc91c2... attached as child of parent e3fff3b8...
[DEBUG] Tree: runbook_runlog e3fff3b8... attached as child of parent 0d2f9d33...
[DEBUG] Tree: task_runlog d706015f... attached as child of parent b92f88e4...
[DEBUG] Tree: runbook_runlog b92f88e4... attached as child of parent 0d2f9d33...
[DEBUG] Tree: task_runlog 796f96c8... attached as child of parent c25d996d...
[DEBUG] Tree: runbook_runlog c25d996d... attached as child of parent 0d2f9d33...
[DEBUG] Tree: task_runlog 708b2848... attached as child of parent 0d2f9d33...
[DEBUG] Tree: runbook_runlog 0d2f9d33... attached as child of parent 097a910f...
[DEBUG] Tree: task_runlog b0c7cf91... attached as child of parent f43f6e0f...
[DEBUG] Tree: task_runlog add043f4... attached as child of parent f43f6e0f...
[DEBUG] Tree: runbook_runlog f43f6e0f... attached as child of parent 097a910f...
[DEBUG] Tree: policy_runlog bd69db6f... attached as child of parent 097a910f...
[DEBUG] parse_runlogs_json: Added root 097a910f-fc07-4b00-b49f-e87cdda7f5e1 with 1 root nodes, total children: 4
[DEBUG] parse_runlogs_json: Returning forest with 1 root trees
[INFO] Successfully parsed runlogs for Blueprint UUID: 8cef05f5-30b0-4386-b48f-d1ff6816ed4e (forest: 1 roots, 1 total nodes)
[INFO] Fetching runlogs for Blueprint UUID: 979bc3d9-c6cb-403b-a140-50cb7f7c9bf8
[DEBUG] Received 1 top-level entities for 979bc3d9-c6cb-403b-a140-50cb7f7c9bf8
[DEBUG] Found action_runlog with UUID: 6af82924-8b07-4671-9973-1b3300610b77
[DEBUG] Entity types: {'action_runlog': 1}
[DEBUG] Fetching nested runlogs for 1 action_runlogs...
[DEBUG] Found 25 nested runlogs for action_runlog 6af82924-8b07-4671-9973-1b3300610b77, types: {'runbook_runlog': 8, 'task_runlog': 16, 'policy_runlog': 1}
[DEBUG] Found 25 nested runbook/task runlogs
[INFO] Received 26 runlog entities for Blueprint UUID: 979bc3d9-c6cb-403b-a140-50cb7f7c9bf8
[DEBUG] Entity types received: {'action_runlog': 1, 'runbook_runlog': 8, 'task_runlog': 16, 'policy_runlog': 1}
[DEBUG] parse_runlogs_json: Processing 26 entities
[DEBUG] action_runlog 6af82924-8b07-4671-9973-1b3300610b77: created=1779944123441744, updated=1779944948355983, duration=824.914239s (13.7m)
[DEBUG] Found runbook_runlog: id=b842e7b8-447b-4c80-b79a-df93924df314, parent=6af82924-8b07-4671-9973-1b3300610b77, root=6af82924-8b07-4671-9973-1b3300610b77, runbook=SYS_GEN__Runbook_Postprocessor, task=None
[DEBUG] runbook_runlog SYS_GEN__Runbook_Postprocessor: created=1779944947350488, updated=1779944947584165, duration=0.233677s (0.0m)
[DEBUG] Found runbook_runlog: id=d998cd21-5184-482e-80f2-c7264d32a582, parent=79f80e93-2502-43ec-a647-03a1ce3c329e, root=6af82924-8b07-4671-9973-1b3300610b77, runbook=Linux___start___runbook, task=None
[DEBUG] runbook_runlog Linux___start___runbook: created=1779944945224003, updated=1779944947045796, duration=1.821793s (0.0m)
[DEBUG] Found task_runlog: id=a6e90a93-9989-4036-8c27-1337c1a24f9c, parent=b40f739f-7fba-4e68-ae6d-4b3cc968c708, root=6af82924-8b07-4671-9973-1b3300610b77, runbook=None, task=SendMail
[DEBUG] Found task_runlog: id=7ad1c751-a71e-4464-8925-cf77a104d93e, parent=b40f739f-7fba-4e68-ae6d-4b3cc968c708, root=6af82924-8b07-4671-9973-1b3300610b77, runbook=None, task=UpdateRoot
[DEBUG] Found task_runlog: id=9ef5c217-f225-4af8-9c91-343029dba3a2, parent=b40f739f-7fba-4e68-ae6d-4b3cc968c708, root=6af82924-8b07-4671-9973-1b3300610b77, runbook=None, task=EjectCdrom
[DEBUG] Found runbook_runlog: id=b40f739f-7fba-4e68-ae6d-4b3cc968c708, parent=79f80e93-2502-43ec-a647-03a1ce3c329e, root=6af82924-8b07-4671-9973-1b3300610b77, runbook=Linux___create___runbook, task=None
[DEBUG] runbook_runlog Linux___create___runbook: created=1779944813310839, updated=1779944945108070, duration=131.797231s (2.2m)
[DEBUG] Found task_runlog: id=4c8e8d45-9ac1-4844-80cf-f8280c553112, parent=869110f9-aff6-4c1e-a8da-7a543aaf626e, root=6af82924-8b07-4671-9973-1b3300610b77, runbook=None, task=print variable and creds
[DEBUG] Found task_runlog: id=f0986837-7ded-4aa1-92e8-2891f7e66510, parent=869110f9-aff6-4c1e-a8da-7a543aaf626e, root=6af82924-8b07-4671-9973-1b3300610b77, runbook=None, task=InstallNginx
[DEBUG] Found task_runlog: id=b89d0fbf-db96-417b-a72e-dbe9e5d16995, parent=869110f9-aff6-4c1e-a8da-7a543aaf626e, root=6af82924-8b07-4671-9973-1b3300610b77, runbook=None, task=InstallNgt
[DEBUG] Found task_runlog: id=df5f0626-264f-4927-af1a-98c610173899, parent=869110f9-aff6-4c1e-a8da-7a543aaf626e, root=6af82924-8b07-4671-9973-1b3300610b77, runbook=None, task=Wait20
[DEBUG] Found task_runlog: id=70bf931d-f533-47f4-b5bc-9d0af40f005d, parent=869110f9-aff6-4c1e-a8da-7a543aaf626e, root=6af82924-8b07-4671-9973-1b3300610b77, runbook=None, task=PcMountNgt
[DEBUG] Found task_runlog: id=6874edd6-e141-4521-8a49-b60dd980809d, parent=869110f9-aff6-4c1e-a8da-7a543aaf626e, root=6af82924-8b07-4671-9973-1b3300610b77, runbook=None, task=ApplyLinuxUpdates
[DEBUG] Found task_runlog: id=4380677d-c643-4b43-8aa9-fcab9072f29f, parent=869110f9-aff6-4c1e-a8da-7a543aaf626e, root=6af82924-8b07-4671-9973-1b3300610b77, runbook=None, task=InitializeDataDisk
[DEBUG] Found task_runlog: id=32c3250b-8e3b-41bd-99ed-3701fb18f40d, parent=869110f9-aff6-4c1e-a8da-7a543aaf626e, root=6af82924-8b07-4671-9973-1b3300610b77, runbook=None, task=DisableSelinux
[DEBUG] Found runbook_runlog: id=869110f9-aff6-4c1e-a8da-7a543aaf626e, parent=79f80e93-2502-43ec-a647-03a1ce3c329e, root=6af82924-8b07-4671-9973-1b3300610b77, runbook=SYS_GEN__Runbook_Package_953f99fd_69c2_4168_ab48_17c7f4c0442d, task=None
[DEBUG] runbook_runlog SYS_GEN__Runbook_Package_953f99fd_69c2_4168_ab48_17c7f4c0442d: created=1779944473081053, updated=1779944813249847, duration=340.168794s (5.7m)
[DEBUG] Found task_runlog: id=52feb4b2-d8cf-4c5f-a7f7-4ee9dacb0c12, parent=5161b5d9-bea1-499b-aa41-26a6c30183c8, root=6af82924-8b07-4671-9973-1b3300610b77, runbook=None, task=SYS_GEN__Nutanix_Provision_0fd33fa3_1150_4fb8_b16a_4dbfe2d78ba4
[DEBUG] Found runbook_runlog: id=5161b5d9-bea1-499b-aa41-26a6c30183c8, parent=79f80e93-2502-43ec-a647-03a1ce3c329e, root=6af82924-8b07-4671-9973-1b3300610b77, runbook=SYS_GEN__Runbook_Substrate_0fd33fa3_1150_4fb8_b16a_4dbfe2d78ba4, task=None
[DEBUG] runbook_runlog SYS_GEN__Runbook_Substrate_0fd33fa3_1150_4fb8_b16a_4dbfe2d78ba4: created=1779944180676820, updated=1779944472851001, duration=292.174181s (4.9m)
[DEBUG] Found task_runlog: id=7755203c-3088-4a42-b646-010f17e6c6c9, parent=1d9b2384-0671-4f73-b748-acb1f04561f5, root=6af82924-8b07-4671-9973-1b3300610b77, runbook=None, task=Task1
[DEBUG] Found runbook_runlog: id=1d9b2384-0671-4f73-b748-acb1f04561f5, parent=79f80e93-2502-43ec-a647-03a1ce3c329e, root=6af82924-8b07-4671-9973-1b3300610b77, runbook=c375b9c9_runbook, task=None
[DEBUG] runbook_runlog c375b9c9_runbook: created=1779944170916035, updated=1779944180466786, duration=9.550751s (0.2m)
[DEBUG] Found task_runlog: id=f096090b-cdc1-4394-9416-9d00d3984231, parent=79f80e93-2502-43ec-a647-03a1ce3c329e, root=6af82924-8b07-4671-9973-1b3300610b77, runbook=None, task=SYS_GEN__DE_Provision_2844593d_c9c7_44b3_bf4d_eac89f78ac7a
[DEBUG] Found runbook_runlog: id=79f80e93-2502-43ec-a647-03a1ce3c329e, parent=6af82924-8b07-4671-9973-1b3300610b77, root=6af82924-8b07-4671-9973-1b3300610b77, runbook=SYS_GEN__Runbook_Application_7145e7b1_acd4_4d51_a690_b0c10f69cab0, task=None
[DEBUG] runbook_runlog SYS_GEN__Runbook_Application_7145e7b1_acd4_4d51_a690_b0c10f69cab0: created=1779944158599081, updated=1779944947251719, duration=788.652638s (13.1m)
[DEBUG] Found task_runlog: id=8fe49901-57c0-4aa8-bf3b-841c960bcc2e, parent=ccdaf332-a76c-4b85-be9a-63feb905f9d7, root=6af82924-8b07-4671-9973-1b3300610b77, runbook=None, task=Exec task to populate credential: dynamic_cred of blueprint
[DEBUG] Found task_runlog: id=387074aa-876f-41e3-b340-255ab4e69af3, parent=ccdaf332-a76c-4b85-be9a-63feb905f9d7, root=6af82924-8b07-4671-9973-1b3300610b77, runbook=None, task=Task 1
[DEBUG] Found runbook_runlog: id=ccdaf332-a76c-4b85-be9a-63feb905f9d7, parent=6af82924-8b07-4671-9973-1b3300610b77, root=6af82924-8b07-4671-9973-1b3300610b77, runbook=Untitled Runbook, task=None
[DEBUG] runbook_runlog Untitled Runbook: created=1779944135119239, updated=1779944158308252, duration=23.189013s (0.4m)
[DEBUG] parse_runlogs_json: Built 26 nodes, entity types: {'action_runlog': 1, 'runbook_runlog': 8, 'task_runlog': 16, 'policy_runlog': 1}
[DEBUG] Tree: runbook_runlog b842e7b8... attached as child of parent 6af82924...
[DEBUG] Tree: runbook_runlog d998cd21... attached as child of parent 79f80e93...
[DEBUG] Tree: task_runlog a6e90a93... attached as child of parent b40f739f...
[DEBUG] Tree: task_runlog 7ad1c751... attached as child of parent b40f739f...
[DEBUG] Tree: task_runlog 9ef5c217... attached as child of parent b40f739f...
[DEBUG] Tree: runbook_runlog b40f739f... attached as child of parent 79f80e93...
[DEBUG] Tree: task_runlog 4c8e8d45... attached as child of parent 869110f9...
[DEBUG] Tree: task_runlog f0986837... attached as child of parent 869110f9...
[DEBUG] Tree: task_runlog b89d0fbf... attached as child of parent 869110f9...
[DEBUG] Tree: task_runlog df5f0626... attached as child of parent 869110f9...
[DEBUG] Tree: task_runlog 70bf931d... attached as child of parent 869110f9...
[DEBUG] Tree: task_runlog 6874edd6... attached as child of parent 869110f9...
[DEBUG] Tree: task_runlog 4380677d... attached as child of parent 869110f9...
[DEBUG] Tree: task_runlog 32c3250b... attached as child of parent 869110f9...
[DEBUG] Tree: runbook_runlog 869110f9... attached as child of parent 79f80e93...
[DEBUG] Tree: task_runlog 52feb4b2... attached as child of parent 5161b5d9...
[DEBUG] Tree: runbook_runlog 5161b5d9... attached as child of parent 79f80e93...
[DEBUG] Tree: task_runlog 7755203c... attached as child of parent 1d9b2384...
[DEBUG] Tree: runbook_runlog 1d9b2384... attached as child of parent 79f80e93...
[DEBUG] Tree: task_runlog f096090b... attached as child of parent 79f80e93...
[DEBUG] Tree: runbook_runlog 79f80e93... attached as child of parent 6af82924...
[DEBUG] Tree: task_runlog 8fe49901... attached as child of parent ccdaf332...
[DEBUG] Tree: task_runlog 387074aa... attached as child of parent ccdaf332...
[DEBUG] Tree: runbook_runlog ccdaf332... attached as child of parent 6af82924...
[DEBUG] Tree: policy_runlog a89dec17... attached as child of parent 6af82924...
[DEBUG] parse_runlogs_json: Added root 6af82924-8b07-4671-9973-1b3300610b77 with 1 root nodes, total children: 4
[DEBUG] parse_runlogs_json: Returning forest with 1 root trees
[INFO] Successfully parsed runlogs for Blueprint UUID: 979bc3d9-c6cb-403b-a140-50cb7f7c9bf8 (forest: 1 roots, 1 total nodes)
[INFO] Fetching runlogs for Blueprint UUID: 0381a3ea-77d4-4711-83a8-0e25a71ef56c
[DEBUG] Received 1 top-level entities for 0381a3ea-77d4-4711-83a8-0e25a71ef56c
[DEBUG] Found action_runlog with UUID: 19bfa8d7-225b-4962-aa57-fd0025d1b8f6
[DEBUG] Entity types: {'action_runlog': 1}
[DEBUG] Fetching nested runlogs for 1 action_runlogs...
[DEBUG] Found 25 nested runlogs for action_runlog 19bfa8d7-225b-4962-aa57-fd0025d1b8f6, types: {'runbook_runlog': 8, 'task_runlog': 16, 'policy_runlog': 1}
[DEBUG] Found 25 nested runbook/task runlogs
[INFO] Received 26 runlog entities for Blueprint UUID: 0381a3ea-77d4-4711-83a8-0e25a71ef56c
[DEBUG] Entity types received: {'action_runlog': 1, 'runbook_runlog': 8, 'task_runlog': 16, 'policy_runlog': 1}
[DEBUG] parse_runlogs_json: Processing 26 entities
[DEBUG] action_runlog 19bfa8d7-225b-4962-aa57-fd0025d1b8f6: created=1779944113770702, updated=1779944904644038, duration=790.873336s (13.2m)
[DEBUG] Found runbook_runlog: id=49825a6a-9d3f-424e-8a2a-d47dd64f83c6, parent=19bfa8d7-225b-4962-aa57-fd0025d1b8f6, root=19bfa8d7-225b-4962-aa57-fd0025d1b8f6, runbook=SYS_GEN__Runbook_Postprocessor, task=None
[DEBUG] runbook_runlog SYS_GEN__Runbook_Postprocessor: created=1779944903668039, updated=1779944903875849, duration=0.20781s (0.0m)
[DEBUG] Found runbook_runlog: id=d6579554-8688-411f-9097-361b4671e09b, parent=9204598d-6910-408b-97c9-b9df42f4835d, root=19bfa8d7-225b-4962-aa57-fd0025d1b8f6, runbook=Linux___start___runbook, task=None
[DEBUG] runbook_runlog Linux___start___runbook: created=1779944901515644, updated=1779944903389122, duration=1.873478s (0.0m)
[DEBUG] Found task_runlog: id=9e55e483-eeec-481a-a5d6-9811cfcb1d6a, parent=86354f54-4cfa-43c2-ba9d-1f7c26edd0d5, root=19bfa8d7-225b-4962-aa57-fd0025d1b8f6, runbook=None, task=SendMail
[DEBUG] Found task_runlog: id=4815a906-ff7d-4590-8cb4-49d26e44834c, parent=86354f54-4cfa-43c2-ba9d-1f7c26edd0d5, root=19bfa8d7-225b-4962-aa57-fd0025d1b8f6, runbook=None, task=UpdateRoot
[DEBUG] Found task_runlog: id=dde7abbf-c146-47bf-b80d-c18f9051d756, parent=86354f54-4cfa-43c2-ba9d-1f7c26edd0d5, root=19bfa8d7-225b-4962-aa57-fd0025d1b8f6, runbook=None, task=EjectCdrom
[DEBUG] Found runbook_runlog: id=86354f54-4cfa-43c2-ba9d-1f7c26edd0d5, parent=9204598d-6910-408b-97c9-b9df42f4835d, root=19bfa8d7-225b-4962-aa57-fd0025d1b8f6, runbook=Linux___create___runbook, task=None
[DEBUG] runbook_runlog Linux___create___runbook: created=1779944769512357, updated=1779944901386946, duration=131.874589s (2.2m)
[DEBUG] Found task_runlog: id=6c0c0aed-c446-4e3a-847b-481e54d9804b, parent=1504620b-7caf-4445-810d-1c511fa9f0fa, root=19bfa8d7-225b-4962-aa57-fd0025d1b8f6, runbook=None, task=print variable and creds
[DEBUG] Found task_runlog: id=fabd22ed-b392-4bc9-a761-833193e16c06, parent=1504620b-7caf-4445-810d-1c511fa9f0fa, root=19bfa8d7-225b-4962-aa57-fd0025d1b8f6, runbook=None, task=InstallNginx
[DEBUG] Found task_runlog: id=76c07846-031e-4ff0-b2c4-c2a37e452b79, parent=1504620b-7caf-4445-810d-1c511fa9f0fa, root=19bfa8d7-225b-4962-aa57-fd0025d1b8f6, runbook=None, task=InstallNgt
[DEBUG] Found task_runlog: id=39baf60d-f3ce-400b-a168-0fd526ac9472, parent=1504620b-7caf-4445-810d-1c511fa9f0fa, root=19bfa8d7-225b-4962-aa57-fd0025d1b8f6, runbook=None, task=Wait20
[DEBUG] Found task_runlog: id=f1e6a4f1-e751-4993-b972-952ae4350a68, parent=1504620b-7caf-4445-810d-1c511fa9f0fa, root=19bfa8d7-225b-4962-aa57-fd0025d1b8f6, runbook=None, task=PcMountNgt
[DEBUG] Found task_runlog: id=e0d2c74c-d62e-444e-ae11-0598fc135537, parent=1504620b-7caf-4445-810d-1c511fa9f0fa, root=19bfa8d7-225b-4962-aa57-fd0025d1b8f6, runbook=None, task=ApplyLinuxUpdates
[DEBUG] Found task_runlog: id=a06e6fc7-179f-4e78-9f6d-cc56efe2723c, parent=1504620b-7caf-4445-810d-1c511fa9f0fa, root=19bfa8d7-225b-4962-aa57-fd0025d1b8f6, runbook=None, task=InitializeDataDisk
[DEBUG] Found task_runlog: id=cb4fa92c-e7a9-41a7-a827-3ce14683ac62, parent=1504620b-7caf-4445-810d-1c511fa9f0fa, root=19bfa8d7-225b-4962-aa57-fd0025d1b8f6, runbook=None, task=DisableSelinux
[DEBUG] Found runbook_runlog: id=1504620b-7caf-4445-810d-1c511fa9f0fa, parent=9204598d-6910-408b-97c9-b9df42f4835d, root=19bfa8d7-225b-4962-aa57-fd0025d1b8f6, runbook=SYS_GEN__Runbook_Package_5856d620_d88d_4260_be80_5f96a1443ee4, task=None
[DEBUG] runbook_runlog SYS_GEN__Runbook_Package_5856d620_d88d_4260_be80_5f96a1443ee4: created=1779944445596487, updated=1779944769436135, duration=323.839648s (5.4m)
[DEBUG] Found task_runlog: id=2380bd47-25a2-4300-b1e7-d58b09648e08, parent=b034668a-8092-4aef-b035-86009a0e3987, root=19bfa8d7-225b-4962-aa57-fd0025d1b8f6, runbook=None, task=SYS_GEN__Nutanix_Provision_0844dae8_a68e_462e_a9aa_90c0a3e40d90
[DEBUG] Found runbook_runlog: id=b034668a-8092-4aef-b035-86009a0e3987, parent=9204598d-6910-408b-97c9-b9df42f4835d, root=19bfa8d7-225b-4962-aa57-fd0025d1b8f6, runbook=SYS_GEN__Runbook_Substrate_0844dae8_a68e_462e_a9aa_90c0a3e40d90, task=None
[DEBUG] runbook_runlog SYS_GEN__Runbook_Substrate_0844dae8_a68e_462e_a9aa_90c0a3e40d90: created=1779944154588640, updated=1779944445441720, duration=290.85308s (4.8m)
[DEBUG] Found task_runlog: id=c2374dc7-4d98-4641-ad48-8e2dac85a808, parent=c89fe503-c147-40a7-83e5-09c037719b40, root=19bfa8d7-225b-4962-aa57-fd0025d1b8f6, runbook=None, task=Task1
[DEBUG] Found runbook_runlog: id=c89fe503-c147-40a7-83e5-09c037719b40, parent=9204598d-6910-408b-97c9-b9df42f4835d, root=19bfa8d7-225b-4962-aa57-fd0025d1b8f6, runbook=c375b9c9_runbook, task=None
[DEBUG] runbook_runlog c375b9c9_runbook: created=1779944143923616, updated=1779944154391717, duration=10.468101s (0.2m)
[DEBUG] Found task_runlog: id=2a205d0d-7f77-4e25-b92b-040d5d12ddb1, parent=9204598d-6910-408b-97c9-b9df42f4835d, root=19bfa8d7-225b-4962-aa57-fd0025d1b8f6, runbook=None, task=SYS_GEN__DE_Provision_cf9362a8_e1f0_41d7_99ad_1fbae4c20288
[DEBUG] Found runbook_runlog: id=9204598d-6910-408b-97c9-b9df42f4835d, parent=19bfa8d7-225b-4962-aa57-fd0025d1b8f6, root=19bfa8d7-225b-4962-aa57-fd0025d1b8f6, runbook=SYS_GEN__Runbook_Application_cf30e349_766b_4e15_853e_40cee75e6c27, task=None
[DEBUG] runbook_runlog SYS_GEN__Runbook_Application_cf30e349_766b_4e15_853e_40cee75e6c27: created=1779944133037604, updated=1779944903569421, duration=770.531817s (12.8m)
[DEBUG] Found task_runlog: id=6f48fc80-344e-4426-9345-fc931ecb62ec, parent=fb84974f-bf70-45d9-b76e-2e78ddd3864c, root=19bfa8d7-225b-4962-aa57-fd0025d1b8f6, runbook=None, task=Exec task to populate credential: dynamic_cred of blueprint
[DEBUG] Found task_runlog: id=f645f15c-1ed4-4593-a186-4c4f60c41ce5, parent=fb84974f-bf70-45d9-b76e-2e78ddd3864c, root=19bfa8d7-225b-4962-aa57-fd0025d1b8f6, runbook=None, task=Task 1
[DEBUG] Found runbook_runlog: id=fb84974f-bf70-45d9-b76e-2e78ddd3864c, parent=19bfa8d7-225b-4962-aa57-fd0025d1b8f6, root=19bfa8d7-225b-4962-aa57-fd0025d1b8f6, runbook=Untitled Runbook, task=None
[DEBUG] runbook_runlog Untitled Runbook: created=1779944124341981, updated=1779944132911869, duration=8.569888s (0.1m)
[DEBUG] parse_runlogs_json: Built 26 nodes, entity types: {'action_runlog': 1, 'runbook_runlog': 8, 'task_runlog': 16, 'policy_runlog': 1}
[DEBUG] Tree: runbook_runlog 49825a6a... attached as child of parent 19bfa8d7...
[DEBUG] Tree: runbook_runlog d6579554... attached as child of parent 9204598d...
[DEBUG] Tree: task_runlog 9e55e483... attached as child of parent 86354f54...
[DEBUG] Tree: task_runlog 4815a906... attached as child of parent 86354f54...
[DEBUG] Tree: task_runlog dde7abbf... attached as child of parent 86354f54...
[DEBUG] Tree: runbook_runlog 86354f54... attached as child of parent 9204598d...
[DEBUG] Tree: task_runlog 6c0c0aed... attached as child of parent 1504620b...
[DEBUG] Tree: task_runlog fabd22ed... attached as child of parent 1504620b...
[DEBUG] Tree: task_runlog 76c07846... attached as child of parent 1504620b...
[DEBUG] Tree: task_runlog 39baf60d... attached as child of parent 1504620b...
[DEBUG] Tree: task_runlog f1e6a4f1... attached as child of parent 1504620b...
[DEBUG] Tree: task_runlog e0d2c74c... attached as child of parent 1504620b...
[DEBUG] Tree: task_runlog a06e6fc7... attached as child of parent 1504620b...
[DEBUG] Tree: task_runlog cb4fa92c... attached as child of parent 1504620b...
[DEBUG] Tree: runbook_runlog 1504620b... attached as child of parent 9204598d...
[DEBUG] Tree: task_runlog 2380bd47... attached as child of parent b034668a...
[DEBUG] Tree: runbook_runlog b034668a... attached as child of parent 9204598d...
[DEBUG] Tree: task_runlog c2374dc7... attached as child of parent c89fe503...
[DEBUG] Tree: runbook_runlog c89fe503... attached as child of parent 9204598d...
[DEBUG] Tree: task_runlog 2a205d0d... attached as child of parent 9204598d...
[DEBUG] Tree: runbook_runlog 9204598d... attached as child of parent 19bfa8d7...
[DEBUG] Tree: task_runlog 6f48fc80... attached as child of parent fb84974f...
[DEBUG] Tree: task_runlog f645f15c... attached as child of parent fb84974f...
[DEBUG] Tree: runbook_runlog fb84974f... attached as child of parent 19bfa8d7...
[DEBUG] Tree: policy_runlog 39bd1de9... attached as child of parent 19bfa8d7...
[DEBUG] parse_runlogs_json: Added root 19bfa8d7-225b-4962-aa57-fd0025d1b8f6 with 1 root nodes, total children: 4
[DEBUG] parse_runlogs_json: Returning forest with 1 root trees
[INFO] Successfully parsed runlogs for Blueprint UUID: 0381a3ea-77d4-4711-83a8-0e25a71ef56c (forest: 1 roots, 1 total nodes)
[INFO] Fetching runlogs for Blueprint UUID: 4b0f72f9-0eae-405d-bf8b-a3442e38196f
[DEBUG] Received 1 top-level entities for 4b0f72f9-0eae-405d-bf8b-a3442e38196f
[DEBUG] Found action_runlog with UUID: 59b62513-9148-47d6-876e-952f535dbfce
[DEBUG] Entity types: {'action_runlog': 1}
[DEBUG] Fetching nested runlogs for 1 action_runlogs...
[DEBUG] Found 25 nested runlogs for action_runlog 59b62513-9148-47d6-876e-952f535dbfce, types: {'runbook_runlog': 8, 'task_runlog': 16, 'policy_runlog': 1}
[DEBUG] Found 25 nested runbook/task runlogs
[INFO] Received 26 runlog entities for Blueprint UUID: 4b0f72f9-0eae-405d-bf8b-a3442e38196f
[DEBUG] Entity types received: {'action_runlog': 1, 'runbook_runlog': 8, 'task_runlog': 16, 'policy_runlog': 1}
[DEBUG] parse_runlogs_json: Processing 26 entities
[DEBUG] action_runlog 59b62513-9148-47d6-876e-952f535dbfce: created=1779944131200202, updated=1779944955967723, duration=824.767521s (13.7m)
[DEBUG] Found runbook_runlog: id=0aa8ec97-ba30-4fa1-8976-5a741f4d3077, parent=59b62513-9148-47d6-876e-952f535dbfce, root=59b62513-9148-47d6-876e-952f535dbfce, runbook=SYS_GEN__Runbook_Postprocessor, task=None
[DEBUG] runbook_runlog SYS_GEN__Runbook_Postprocessor: created=1779944954878128, updated=1779944955200906, duration=0.322778s (0.0m)
[DEBUG] Found runbook_runlog: id=5d7e5b51-839e-41b6-b816-5c6c019ce1a6, parent=fef873be-4268-4e11-a959-c535545ff01e, root=59b62513-9148-47d6-876e-952f535dbfce, runbook=Linux___start___runbook, task=None
[DEBUG] runbook_runlog Linux___start___runbook: created=1779944952517333, updated=1779944954590143, duration=2.07281s (0.0m)
[DEBUG] Found task_runlog: id=37ffd5a0-8f85-4ae9-9a6c-b7ab8467a962, parent=0d676fa0-ccde-4a9b-9364-dedb0400bdde, root=59b62513-9148-47d6-876e-952f535dbfce, runbook=None, task=SendMail
[DEBUG] Found task_runlog: id=077e9e77-dbbe-4052-b93e-35140fc56404, parent=0d676fa0-ccde-4a9b-9364-dedb0400bdde, root=59b62513-9148-47d6-876e-952f535dbfce, runbook=None, task=UpdateRoot
[DEBUG] Found task_runlog: id=74cdfd16-a460-4d01-9dfe-49c722938ad2, parent=0d676fa0-ccde-4a9b-9364-dedb0400bdde, root=59b62513-9148-47d6-876e-952f535dbfce, runbook=None, task=EjectCdrom
[DEBUG] Found runbook_runlog: id=0d676fa0-ccde-4a9b-9364-dedb0400bdde, parent=fef873be-4268-4e11-a959-c535545ff01e, root=59b62513-9148-47d6-876e-952f535dbfce, runbook=Linux___create___runbook, task=None
[DEBUG] runbook_runlog Linux___create___runbook: created=1779944820377288, updated=1779944952398369, duration=132.021081s (2.2m)
[DEBUG] Found task_runlog: id=7ff685d0-57d9-4b3e-b40b-781aba85796b, parent=5de692d9-9e38-49fa-8cc8-4a13aa2ff92e, root=59b62513-9148-47d6-876e-952f535dbfce, runbook=None, task=print variable and creds
[DEBUG] Found task_runlog: id=e52a3273-d501-4301-9a70-2af295d43f6e, parent=5de692d9-9e38-49fa-8cc8-4a13aa2ff92e, root=59b62513-9148-47d6-876e-952f535dbfce, runbook=None, task=InstallNginx
[DEBUG] Found task_runlog: id=14a7a342-1b99-4bfb-bfb9-6aa31932c3cc, parent=5de692d9-9e38-49fa-8cc8-4a13aa2ff92e, root=59b62513-9148-47d6-876e-952f535dbfce, runbook=None, task=InstallNgt
[DEBUG] Found task_runlog: id=92c87b16-77cc-449a-9a80-9a353020c08b, parent=5de692d9-9e38-49fa-8cc8-4a13aa2ff92e, root=59b62513-9148-47d6-876e-952f535dbfce, runbook=None, task=Wait20
[DEBUG] Found task_runlog: id=32997867-c8d3-47e1-b46e-1e91851864eb, parent=5de692d9-9e38-49fa-8cc8-4a13aa2ff92e, root=59b62513-9148-47d6-876e-952f535dbfce, runbook=None, task=PcMountNgt
[DEBUG] Found task_runlog: id=7e6c7c02-28b5-423e-81f5-4dd3f3346e98, parent=5de692d9-9e38-49fa-8cc8-4a13aa2ff92e, root=59b62513-9148-47d6-876e-952f535dbfce, runbook=None, task=ApplyLinuxUpdates
[DEBUG] Found task_runlog: id=78aa8f53-8cfd-49a6-aa05-e18690287062, parent=5de692d9-9e38-49fa-8cc8-4a13aa2ff92e, root=59b62513-9148-47d6-876e-952f535dbfce, runbook=None, task=InitializeDataDisk
[DEBUG] Found task_runlog: id=1a3228be-0d13-43b0-a152-77705fb93e92, parent=5de692d9-9e38-49fa-8cc8-4a13aa2ff92e, root=59b62513-9148-47d6-876e-952f535dbfce, runbook=None, task=DisableSelinux
[DEBUG] Found runbook_runlog: id=5de692d9-9e38-49fa-8cc8-4a13aa2ff92e, parent=fef873be-4268-4e11-a959-c535545ff01e, root=59b62513-9148-47d6-876e-952f535dbfce, runbook=SYS_GEN__Runbook_Package_22b4def1_fb80_4cfe_81e1_e2b4eb2c9c77, task=None
[DEBUG] runbook_runlog SYS_GEN__Runbook_Package_22b4def1_fb80_4cfe_81e1_e2b4eb2c9c77: created=1779944479389151, updated=1779944820299110, duration=340.909959s (5.7m)
[DEBUG] Found task_runlog: id=058db3af-ec25-4336-adfb-21fe946d71a7, parent=1f15ffc9-f31c-409e-959a-c89b886c4300, root=59b62513-9148-47d6-876e-952f535dbfce, runbook=None, task=SYS_GEN__Nutanix_Provision_0519f4c8_bb1b_4aed_8387_36ece1b0160e
[DEBUG] Found runbook_runlog: id=1f15ffc9-f31c-409e-959a-c89b886c4300, parent=fef873be-4268-4e11-a959-c535545ff01e, root=59b62513-9148-47d6-876e-952f535dbfce, runbook=SYS_GEN__Runbook_Substrate_0519f4c8_bb1b_4aed_8387_36ece1b0160e, task=None
[DEBUG] runbook_runlog SYS_GEN__Runbook_Substrate_0519f4c8_bb1b_4aed_8387_36ece1b0160e: created=1779944183105213, updated=1779944479124547, duration=296.019334s (4.9m)
[DEBUG] Found task_runlog: id=ee86447e-5e29-4f5b-86d5-734d11b1ef01, parent=b56929ec-220d-44f5-b288-87fd38c7e850, root=59b62513-9148-47d6-876e-952f535dbfce, runbook=None, task=Task1
[DEBUG] Found runbook_runlog: id=b56929ec-220d-44f5-b288-87fd38c7e850, parent=fef873be-4268-4e11-a959-c535545ff01e, root=59b62513-9148-47d6-876e-952f535dbfce, runbook=c375b9c9_runbook, task=None
[DEBUG] runbook_runlog c375b9c9_runbook: created=1779944169206611, updated=1779944182803558, duration=13.596947s (0.2m)
[DEBUG] Found task_runlog: id=fc8d736b-bd78-4d9a-be0b-6c636576fd3c, parent=fef873be-4268-4e11-a959-c535545ff01e, root=59b62513-9148-47d6-876e-952f535dbfce, runbook=None, task=SYS_GEN__DE_Provision_0f714890_02da_4417_89ff_d2caa23d1a41
[DEBUG] Found runbook_runlog: id=fef873be-4268-4e11-a959-c535545ff01e, parent=59b62513-9148-47d6-876e-952f535dbfce, root=59b62513-9148-47d6-876e-952f535dbfce, runbook=SYS_GEN__Runbook_Application_9cb9b784_3e0b_4c9b_80a6_cb5c5a5680b9, task=None
[DEBUG] runbook_runlog SYS_GEN__Runbook_Application_9cb9b784_3e0b_4c9b_80a6_cb5c5a5680b9: created=1779944157002974, updated=1779944954811008, duration=797.808034s (13.3m)
[DEBUG] Found task_runlog: id=5fb541ce-bf8c-4609-aa1d-d0e80e3a1026, parent=9a0b584c-b797-42ae-9d4f-8fb6d992431b, root=59b62513-9148-47d6-876e-952f535dbfce, runbook=None, task=Exec task to populate credential: dynamic_cred of blueprint
[DEBUG] Found task_runlog: id=10285294-3903-4487-9bce-92d470bc8e6b, parent=9a0b584c-b797-42ae-9d4f-8fb6d992431b, root=59b62513-9148-47d6-876e-952f535dbfce, runbook=None, task=Task 1
[DEBUG] Found runbook_runlog: id=9a0b584c-b797-42ae-9d4f-8fb6d992431b, parent=59b62513-9148-47d6-876e-952f535dbfce, root=59b62513-9148-47d6-876e-952f535dbfce, runbook=Untitled Runbook, task=None
[DEBUG] runbook_runlog Untitled Runbook: created=1779944140272713, updated=1779944156600395, duration=16.327682s (0.3m)
[DEBUG] parse_runlogs_json: Built 26 nodes, entity types: {'action_runlog': 1, 'runbook_runlog': 8, 'task_runlog': 16, 'policy_runlog': 1}
[DEBUG] Tree: runbook_runlog 0aa8ec97... attached as child of parent 59b62513...
[DEBUG] Tree: runbook_runlog 5d7e5b51... attached as child of parent fef873be...
[DEBUG] Tree: task_runlog 37ffd5a0... attached as child of parent 0d676fa0...
[DEBUG] Tree: task_runlog 077e9e77... attached as child of parent 0d676fa0...
[DEBUG] Tree: task_runlog 74cdfd16... attached as child of parent 0d676fa0...
[DEBUG] Tree: runbook_runlog 0d676fa0... attached as child of parent fef873be...
[DEBUG] Tree: task_runlog 7ff685d0... attached as child of parent 5de692d9...
[DEBUG] Tree: task_runlog e52a3273... attached as child of parent 5de692d9...
[DEBUG] Tree: task_runlog 14a7a342... attached as child of parent 5de692d9...
[DEBUG] Tree: task_runlog 92c87b16... attached as child of parent 5de692d9...
[DEBUG] Tree: task_runlog 32997867... attached as child of parent 5de692d9...
[DEBUG] Tree: task_runlog 7e6c7c02... attached as child of parent 5de692d9...
[DEBUG] Tree: task_runlog 78aa8f53... attached as child of parent 5de692d9...
[DEBUG] Tree: task_runlog 1a3228be... attached as child of parent 5de692d9...
[DEBUG] Tree: runbook_runlog 5de692d9... attached as child of parent fef873be...
[DEBUG] Tree: task_runlog 058db3af... attached as child of parent 1f15ffc9...
[DEBUG] Tree: runbook_runlog 1f15ffc9... attached as child of parent fef873be...
[DEBUG] Tree: task_runlog ee86447e... attached as child of parent b56929ec...
[DEBUG] Tree: runbook_runlog b56929ec... attached as child of parent fef873be...
[DEBUG] Tree: task_runlog fc8d736b... attached as child of parent fef873be...
[DEBUG] Tree: runbook_runlog fef873be... attached as child of parent 59b62513...
[DEBUG] Tree: task_runlog 5fb541ce... attached as child of parent 9a0b584c...
[DEBUG] Tree: task_runlog 10285294... attached as child of parent 9a0b584c...
[DEBUG] Tree: runbook_runlog 9a0b584c... attached as child of parent 59b62513...
[DEBUG] Tree: policy_runlog 78f3d544... attached as child of parent 59b62513...
[DEBUG] parse_runlogs_json: Added root 59b62513-9148-47d6-876e-952f535dbfce with 1 root nodes, total children: 4
[DEBUG] parse_runlogs_json: Returning forest with 1 root trees
[INFO] Successfully parsed runlogs for Blueprint UUID: 4b0f72f9-0eae-405d-bf8b-a3442e38196f (forest: 1 roots, 1 total nodes)
[INFO] Fetching runlogs for Blueprint UUID: 824a505f-3420-4128-8bed-8412d8f19fb1
[DEBUG] Received 1 top-level entities for 824a505f-3420-4128-8bed-8412d8f19fb1
[DEBUG] Found action_runlog with UUID: 1aa0dd21-6d65-42ec-8b0a-665e2db031b4
[DEBUG] Entity types: {'action_runlog': 1}
[DEBUG] Fetching nested runlogs for 1 action_runlogs...
[DEBUG] Found 25 nested runlogs for action_runlog 1aa0dd21-6d65-42ec-8b0a-665e2db031b4, types: {'runbook_runlog': 8, 'task_runlog': 16, 'policy_runlog': 1}
[DEBUG] Found 25 nested runbook/task runlogs
[INFO] Received 26 runlog entities for Blueprint UUID: 824a505f-3420-4128-8bed-8412d8f19fb1
[DEBUG] Entity types received: {'action_runlog': 1, 'runbook_runlog': 8, 'task_runlog': 16, 'policy_runlog': 1}
[DEBUG] parse_runlogs_json: Processing 26 entities
[DEBUG] action_runlog 1aa0dd21-6d65-42ec-8b0a-665e2db031b4: created=1779944126164997, updated=1779944953966222, duration=827.801225s (13.8m)
[DEBUG] Found runbook_runlog: id=b0d03c70-8458-49b5-8c17-d6a32a61fdeb, parent=1aa0dd21-6d65-42ec-8b0a-665e2db031b4, root=1aa0dd21-6d65-42ec-8b0a-665e2db031b4, runbook=SYS_GEN__Runbook_Postprocessor, task=None
[DEBUG] runbook_runlog SYS_GEN__Runbook_Postprocessor: created=1779944952776104, updated=1779944953098176, duration=0.322072s (0.0m)
[DEBUG] Found runbook_runlog: id=22c51acc-da59-4bc7-b718-4fc6179299fc, parent=3b861b01-96cc-4df6-a182-13dca0422fcb, root=1aa0dd21-6d65-42ec-8b0a-665e2db031b4, runbook=Linux___start___runbook, task=None
[DEBUG] runbook_runlog Linux___start___runbook: created=1779944950451411, updated=1779944952365597, duration=1.914186s (0.0m)
[DEBUG] Found task_runlog: id=cfbd5b23-4aff-45be-84fa-b6a5f75a4c40, parent=f325fbf2-4e83-4350-aad0-0f2d1be905d0, root=1aa0dd21-6d65-42ec-8b0a-665e2db031b4, runbook=None, task=SendMail
[DEBUG] Found task_runlog: id=8e3f3435-2941-45c3-9174-83422a47d27f, parent=f325fbf2-4e83-4350-aad0-0f2d1be905d0, root=1aa0dd21-6d65-42ec-8b0a-665e2db031b4, runbook=None, task=UpdateRoot
[DEBUG] Found task_runlog: id=c629f74f-aa03-4fcf-acb6-326e04d4745b, parent=f325fbf2-4e83-4350-aad0-0f2d1be905d0, root=1aa0dd21-6d65-42ec-8b0a-665e2db031b4, runbook=None, task=EjectCdrom
[DEBUG] Found runbook_runlog: id=f325fbf2-4e83-4350-aad0-0f2d1be905d0, parent=3b861b01-96cc-4df6-a182-13dca0422fcb, root=1aa0dd21-6d65-42ec-8b0a-665e2db031b4, runbook=Linux___create___runbook, task=None
[DEBUG] runbook_runlog Linux___create___runbook: created=1779944818520101, updated=1779944950338501, duration=131.8184s (2.2m)
[DEBUG] Found task_runlog: id=50505ea5-f221-4c9c-b04c-ab9674ef97f5, parent=fda591b4-fdb5-4cb9-a3eb-231461c57854, root=1aa0dd21-6d65-42ec-8b0a-665e2db031b4, runbook=None, task=print variable and creds
[DEBUG] Found task_runlog: id=b9fc1322-9fac-4d9c-a266-1018122f96db, parent=fda591b4-fdb5-4cb9-a3eb-231461c57854, root=1aa0dd21-6d65-42ec-8b0a-665e2db031b4, runbook=None, task=InstallNginx
[DEBUG] Found task_runlog: id=56baea75-e1ca-4fe0-b99b-26f719970618, parent=fda591b4-fdb5-4cb9-a3eb-231461c57854, root=1aa0dd21-6d65-42ec-8b0a-665e2db031b4, runbook=None, task=InstallNgt
[DEBUG] Found task_runlog: id=afce2352-6a72-4856-8f49-bf021c1a58ed, parent=fda591b4-fdb5-4cb9-a3eb-231461c57854, root=1aa0dd21-6d65-42ec-8b0a-665e2db031b4, runbook=None, task=Wait20
[DEBUG] Found task_runlog: id=2a53cd13-4093-48b3-b3e3-c95cf8787bb8, parent=fda591b4-fdb5-4cb9-a3eb-231461c57854, root=1aa0dd21-6d65-42ec-8b0a-665e2db031b4, runbook=None, task=PcMountNgt
[DEBUG] Found task_runlog: id=b57fd2ed-ec30-4235-bc50-7423bfcf01c3, parent=fda591b4-fdb5-4cb9-a3eb-231461c57854, root=1aa0dd21-6d65-42ec-8b0a-665e2db031b4, runbook=None, task=ApplyLinuxUpdates
[DEBUG] Found task_runlog: id=ae4c10b6-826f-4c9d-b235-d0da7e05dc13, parent=fda591b4-fdb5-4cb9-a3eb-231461c57854, root=1aa0dd21-6d65-42ec-8b0a-665e2db031b4, runbook=None, task=InitializeDataDisk
[DEBUG] Found task_runlog: id=cb6d053d-71ce-48d8-81b8-79d0c1975f41, parent=fda591b4-fdb5-4cb9-a3eb-231461c57854, root=1aa0dd21-6d65-42ec-8b0a-665e2db031b4, runbook=None, task=DisableSelinux
[DEBUG] Found runbook_runlog: id=fda591b4-fdb5-4cb9-a3eb-231461c57854, parent=3b861b01-96cc-4df6-a182-13dca0422fcb, root=1aa0dd21-6d65-42ec-8b0a-665e2db031b4, runbook=SYS_GEN__Runbook_Package_e3827ff4_a413_4ed6_b955_312b2fdc2bc0, task=None
[DEBUG] runbook_runlog SYS_GEN__Runbook_Package_e3827ff4_a413_4ed6_b955_312b2fdc2bc0: created=1779944478092480, updated=1779944818435046, duration=340.342566s (5.7m)
[DEBUG] Found task_runlog: id=9d691067-8598-4b75-9f6c-5ddbe446f0f2, parent=8c094880-0b3a-45a9-941f-2adb83e0a0bc, root=1aa0dd21-6d65-42ec-8b0a-665e2db031b4, runbook=None, task=SYS_GEN__Nutanix_Provision_1e1a47cd_772e_4faa_b7a1_2f8d589f3837
[DEBUG] Found runbook_runlog: id=8c094880-0b3a-45a9-941f-2adb83e0a0bc, parent=3b861b01-96cc-4df6-a182-13dca0422fcb, root=1aa0dd21-6d65-42ec-8b0a-665e2db031b4, runbook=SYS_GEN__Runbook_Substrate_1e1a47cd_772e_4faa_b7a1_2f8d589f3837, task=None
[DEBUG] runbook_runlog SYS_GEN__Runbook_Substrate_1e1a47cd_772e_4faa_b7a1_2f8d589f3837: created=1779944182531573, updated=1779944477693589, duration=295.162016s (4.9m)
[DEBUG] Found task_runlog: id=53511915-3a66-4253-87bd-46b8f2b4a608, parent=007de26a-27a1-4380-95c3-22210dcf19e2, root=1aa0dd21-6d65-42ec-8b0a-665e2db031b4, runbook=None, task=Task1
[DEBUG] Found runbook_runlog: id=007de26a-27a1-4380-95c3-22210dcf19e2, parent=3b861b01-96cc-4df6-a182-13dca0422fcb, root=1aa0dd21-6d65-42ec-8b0a-665e2db031b4, runbook=c375b9c9_runbook, task=None
[DEBUG] runbook_runlog c375b9c9_runbook: created=1779944169988728, updated=1779944182287689, duration=12.298961s (0.2m)
[DEBUG] Found task_runlog: id=6c90186b-a226-45c4-aa5c-c67a286e26c5, parent=3b861b01-96cc-4df6-a182-13dca0422fcb, root=1aa0dd21-6d65-42ec-8b0a-665e2db031b4, runbook=None, task=SYS_GEN__DE_Provision_c9052b60_ed4c_47f9_81e2_da9c638fc0e2
[DEBUG] Found runbook_runlog: id=3b861b01-96cc-4df6-a182-13dca0422fcb, parent=1aa0dd21-6d65-42ec-8b0a-665e2db031b4, root=1aa0dd21-6d65-42ec-8b0a-665e2db031b4, runbook=SYS_GEN__Runbook_Application_1e74733a_a800_43ad_9d55_a6c4a38cab65, task=None
[DEBUG] runbook_runlog SYS_GEN__Runbook_Application_1e74733a_a800_43ad_9d55_a6c4a38cab65: created=1779944157588327, updated=1779944952545026, duration=794.956699s (13.2m)
[DEBUG] Found task_runlog: id=b786a669-3d5c-4c2c-b397-216efac0f932, parent=fe04bd21-2b15-464e-823f-78b1a218140b, root=1aa0dd21-6d65-42ec-8b0a-665e2db031b4, runbook=None, task=Exec task to populate credential: dynamic_cred of blueprint
[DEBUG] Found task_runlog: id=0d6d44aa-7b13-4cdd-aa35-9e8963959036, parent=fe04bd21-2b15-464e-823f-78b1a218140b, root=1aa0dd21-6d65-42ec-8b0a-665e2db031b4, runbook=None, task=Task 1
[DEBUG] Found runbook_runlog: id=fe04bd21-2b15-464e-823f-78b1a218140b, parent=1aa0dd21-6d65-42ec-8b0a-665e2db031b4, root=1aa0dd21-6d65-42ec-8b0a-665e2db031b4, runbook=Untitled Runbook, task=None
[DEBUG] runbook_runlog Untitled Runbook: created=1779944136622579, updated=1779944157006282, duration=20.383703s (0.3m)
[DEBUG] parse_runlogs_json: Built 26 nodes, entity types: {'action_runlog': 1, 'runbook_runlog': 8, 'task_runlog': 16, 'policy_runlog': 1}
[DEBUG] Tree: runbook_runlog b0d03c70... attached as child of parent 1aa0dd21...
[DEBUG] Tree: runbook_runlog 22c51acc... attached as child of parent 3b861b01...
[DEBUG] Tree: task_runlog cfbd5b23... attached as child of parent f325fbf2...
[DEBUG] Tree: task_runlog 8e3f3435... attached as child of parent f325fbf2...
[DEBUG] Tree: task_runlog c629f74f... attached as child of parent f325fbf2...
[DEBUG] Tree: runbook_runlog f325fbf2... attached as child of parent 3b861b01...
[DEBUG] Tree: task_runlog 50505ea5... attached as child of parent fda591b4...
[DEBUG] Tree: task_runlog b9fc1322... attached as child of parent fda591b4...
[DEBUG] Tree: task_runlog 56baea75... attached as child of parent fda591b4...
[DEBUG] Tree: task_runlog afce2352... attached as child of parent fda591b4...
[DEBUG] Tree: task_runlog 2a53cd13... attached as child of parent fda591b4...
[DEBUG] Tree: task_runlog b57fd2ed... attached as child of parent fda591b4...
[DEBUG] Tree: task_runlog ae4c10b6... attached as child of parent fda591b4...
[DEBUG] Tree: task_runlog cb6d053d... attached as child of parent fda591b4...
[DEBUG] Tree: runbook_runlog fda591b4... attached as child of parent 3b861b01...
[DEBUG] Tree: task_runlog 9d691067... attached as child of parent 8c094880...
[DEBUG] Tree: runbook_runlog 8c094880... attached as child of parent 3b861b01...
[DEBUG] Tree: task_runlog 53511915... attached as child of parent 007de26a...
[DEBUG] Tree: runbook_runlog 007de26a... attached as child of parent 3b861b01...
[DEBUG] Tree: task_runlog 6c90186b... attached as child of parent 3b861b01...
[DEBUG] Tree: runbook_runlog 3b861b01... attached as child of parent 1aa0dd21...
[DEBUG] Tree: task_runlog b786a669... attached as child of parent fe04bd21...
[DEBUG] Tree: task_runlog 0d6d44aa... attached as child of parent fe04bd21...
[DEBUG] Tree: runbook_runlog fe04bd21... attached as child of parent 1aa0dd21...
[DEBUG] Tree: policy_runlog 3bdf21bc... attached as child of parent 1aa0dd21...
[DEBUG] parse_runlogs_json: Added root 1aa0dd21-6d65-42ec-8b0a-665e2db031b4 with 1 root nodes, total children: 4
[DEBUG] parse_runlogs_json: Returning forest with 1 root trees
[INFO] Successfully parsed runlogs for Blueprint UUID: 824a505f-3420-4128-8bed-8412d8f19fb1 (forest: 1 roots, 1 total nodes)
[INFO] Fetching runlogs for Blueprint UUID: 43b10b24-5e5b-49e8-a3b9-c0fc41e668b0
[DEBUG] Received 1 top-level entities for 43b10b24-5e5b-49e8-a3b9-c0fc41e668b0
[DEBUG] Found action_runlog with UUID: d8117d03-3ad0-4c4a-94e6-541a246c16ef
[DEBUG] Entity types: {'action_runlog': 1}
[DEBUG] Fetching nested runlogs for 1 action_runlogs...
[DEBUG] Found 25 nested runlogs for action_runlog d8117d03-3ad0-4c4a-94e6-541a246c16ef, types: {'runbook_runlog': 8, 'task_runlog': 16, 'policy_runlog': 1}
[DEBUG] Found 25 nested runbook/task runlogs
[INFO] Received 26 runlog entities for Blueprint UUID: 43b10b24-5e5b-49e8-a3b9-c0fc41e668b0
[DEBUG] Entity types received: {'action_runlog': 1, 'runbook_runlog': 8, 'task_runlog': 16, 'policy_runlog': 1}
[DEBUG] parse_runlogs_json: Processing 26 entities
[DEBUG] action_runlog d8117d03-3ad0-4c4a-94e6-541a246c16ef: created=1779944127094050, updated=1779944971969665, duration=844.875615s (14.1m)
[DEBUG] Found runbook_runlog: id=36010fe5-f0e6-4c69-8d1a-108470994b1b, parent=d8117d03-3ad0-4c4a-94e6-541a246c16ef, root=d8117d03-3ad0-4c4a-94e6-541a246c16ef, runbook=SYS_GEN__Runbook_Postprocessor, task=None
[DEBUG] runbook_runlog SYS_GEN__Runbook_Postprocessor: created=1779944970886112, updated=1779944971178268, duration=0.292156s (0.0m)
[DEBUG] Found runbook_runlog: id=b0662fb9-7c18-467c-a134-7445f4924642, parent=0efc3408-c159-477d-a8e6-17f1cd07b0f5, root=d8117d03-3ad0-4c4a-94e6-541a246c16ef, runbook=Linux___start___runbook, task=None
[DEBUG] runbook_runlog Linux___start___runbook: created=1779944968477370, updated=1779944970633701, duration=2.156331s (0.0m)
[DEBUG] Found task_runlog: id=86023b27-b196-48d9-95b8-e67dbc92f1b5, parent=fb56b6a8-9d4c-4319-ad07-5b3496356a67, root=d8117d03-3ad0-4c4a-94e6-541a246c16ef, runbook=None, task=SendMail
[DEBUG] Found task_runlog: id=5f091eca-a00a-4a17-a0f2-5d4bd65000a6, parent=fb56b6a8-9d4c-4319-ad07-5b3496356a67, root=d8117d03-3ad0-4c4a-94e6-541a246c16ef, runbook=None, task=UpdateRoot
[DEBUG] Found task_runlog: id=8af93222-14cc-4c63-bd0a-1a02c0d9be2c, parent=fb56b6a8-9d4c-4319-ad07-5b3496356a67, root=d8117d03-3ad0-4c4a-94e6-541a246c16ef, runbook=None, task=EjectCdrom
[DEBUG] Found runbook_runlog: id=fb56b6a8-9d4c-4319-ad07-5b3496356a67, parent=0efc3408-c159-477d-a8e6-17f1cd07b0f5, root=d8117d03-3ad0-4c4a-94e6-541a246c16ef, runbook=Linux___create___runbook, task=None
[DEBUG] runbook_runlog Linux___create___runbook: created=1779944835317331, updated=1779944968021188, duration=132.703857s (2.2m)
[DEBUG] Found task_runlog: id=f16dcfb9-284d-455f-94b0-f2ee3a714ad8, parent=20ce7bfe-e7d2-455e-b76b-6d3a0ad024e7, root=d8117d03-3ad0-4c4a-94e6-541a246c16ef, runbook=None, task=print variable and creds
[DEBUG] Found task_runlog: id=b4102713-b7aa-4f5c-950f-53470c85474c, parent=20ce7bfe-e7d2-455e-b76b-6d3a0ad024e7, root=d8117d03-3ad0-4c4a-94e6-541a246c16ef, runbook=None, task=InstallNginx
[DEBUG] Found task_runlog: id=98e7973f-4255-4764-932b-9452e980de56, parent=20ce7bfe-e7d2-455e-b76b-6d3a0ad024e7, root=d8117d03-3ad0-4c4a-94e6-541a246c16ef, runbook=None, task=InstallNgt
[DEBUG] Found task_runlog: id=94960983-b1dd-46ca-b830-7d5e5971a54c, parent=20ce7bfe-e7d2-455e-b76b-6d3a0ad024e7, root=d8117d03-3ad0-4c4a-94e6-541a246c16ef, runbook=None, task=Wait20
[DEBUG] Found task_runlog: id=3cb26a42-c695-4b01-968a-fb4833421a03, parent=20ce7bfe-e7d2-455e-b76b-6d3a0ad024e7, root=d8117d03-3ad0-4c4a-94e6-541a246c16ef, runbook=None, task=PcMountNgt
[DEBUG] Found task_runlog: id=c02fd7f1-2d36-47de-be77-d9170009fe36, parent=20ce7bfe-e7d2-455e-b76b-6d3a0ad024e7, root=d8117d03-3ad0-4c4a-94e6-541a246c16ef, runbook=None, task=ApplyLinuxUpdates
[DEBUG] Found task_runlog: id=17ccaa72-e60d-4be7-b08f-7214e4da58b9, parent=20ce7bfe-e7d2-455e-b76b-6d3a0ad024e7, root=d8117d03-3ad0-4c4a-94e6-541a246c16ef, runbook=None, task=InitializeDataDisk
[DEBUG] Found task_runlog: id=eb802366-cb59-49da-8727-f2261e8c3d97, parent=20ce7bfe-e7d2-455e-b76b-6d3a0ad024e7, root=d8117d03-3ad0-4c4a-94e6-541a246c16ef, runbook=None, task=DisableSelinux
[DEBUG] Found runbook_runlog: id=20ce7bfe-e7d2-455e-b76b-6d3a0ad024e7, parent=0efc3408-c159-477d-a8e6-17f1cd07b0f5, root=d8117d03-3ad0-4c4a-94e6-541a246c16ef, runbook=SYS_GEN__Runbook_Package_f1753a31_5cc5_4cb9_8d41_2f85ad044103, task=None
[DEBUG] runbook_runlog SYS_GEN__Runbook_Package_f1753a31_5cc5_4cb9_8d41_2f85ad044103: created=1779944477224023, updated=1779944835207714, duration=357.983691s (6.0m)
[DEBUG] Found task_runlog: id=fdbe4211-db92-4572-8ee5-39b03c6c7da4, parent=77905b55-1d5b-4eae-a31e-bae3e739a7d1, root=d8117d03-3ad0-4c4a-94e6-541a246c16ef, runbook=None, task=SYS_GEN__Nutanix_Provision_ab81548c_1cb1_479f_9264_d72f93a5374c
[DEBUG] Found runbook_runlog: id=77905b55-1d5b-4eae-a31e-bae3e739a7d1, parent=0efc3408-c159-477d-a8e6-17f1cd07b0f5, root=d8117d03-3ad0-4c4a-94e6-541a246c16ef, runbook=SYS_GEN__Runbook_Substrate_ab81548c_1cb1_479f_9264_d72f93a5374c, task=None
[DEBUG] runbook_runlog SYS_GEN__Runbook_Substrate_ab81548c_1cb1_479f_9264_d72f93a5374c: created=1779944182073394, updated=1779944476728364, duration=294.65497s (4.9m)
[DEBUG] Found task_runlog: id=eaf80b62-b81d-43a1-b8e8-b08ddb7e46b1, parent=4c9243c4-615c-4cf1-ae3a-2fef02238895, root=d8117d03-3ad0-4c4a-94e6-541a246c16ef, runbook=None, task=Task1
[DEBUG] Found runbook_runlog: id=4c9243c4-615c-4cf1-ae3a-2fef02238895, parent=0efc3408-c159-477d-a8e6-17f1cd07b0f5, root=d8117d03-3ad0-4c4a-94e6-541a246c16ef, runbook=c375b9c9_runbook, task=None
[DEBUG] runbook_runlog c375b9c9_runbook: created=1779944172504050, updated=1779944181699563, duration=9.195513s (0.2m)
[DEBUG] Found task_runlog: id=dc3b7eee-a23d-4eed-b596-532bab91e272, parent=0efc3408-c159-477d-a8e6-17f1cd07b0f5, root=d8117d03-3ad0-4c4a-94e6-541a246c16ef, runbook=None, task=SYS_GEN__DE_Provision_683724d6_ea13_4048_bb31_15c9c3c1d0a7
[DEBUG] Found runbook_runlog: id=0efc3408-c159-477d-a8e6-17f1cd07b0f5, parent=d8117d03-3ad0-4c4a-94e6-541a246c16ef, root=d8117d03-3ad0-4c4a-94e6-541a246c16ef, runbook=SYS_GEN__Runbook_Application_b466cae8_110a_4f76_829a_b96d8641f6b0, task=None
[DEBUG] runbook_runlog SYS_GEN__Runbook_Application_b466cae8_110a_4f76_829a_b96d8641f6b0: created=1779944153119514, updated=1779944970790917, duration=817.671403s (13.6m)
[DEBUG] Found task_runlog: id=e25aab4a-c9a2-4376-bd35-b5beaf57ddd6, parent=a16e565a-2a26-46eb-9b97-e1993e583cb6, root=d8117d03-3ad0-4c4a-94e6-541a246c16ef, runbook=None, task=Exec task to populate credential: dynamic_cred of blueprint
[DEBUG] Found task_runlog: id=bf782de8-25c2-4210-9735-0521517c0577, parent=a16e565a-2a26-46eb-9b97-e1993e583cb6, root=d8117d03-3ad0-4c4a-94e6-541a246c16ef, runbook=None, task=Task 1
[DEBUG] Found runbook_runlog: id=a16e565a-2a26-46eb-9b97-e1993e583cb6, parent=d8117d03-3ad0-4c4a-94e6-541a246c16ef, root=d8117d03-3ad0-4c4a-94e6-541a246c16ef, runbook=Untitled Runbook, task=None
[DEBUG] runbook_runlog Untitled Runbook: created=1779944136316441, updated=1779944152808522, duration=16.492081s (0.3m)
[DEBUG] parse_runlogs_json: Built 26 nodes, entity types: {'action_runlog': 1, 'runbook_runlog': 8, 'task_runlog': 16, 'policy_runlog': 1}
[DEBUG] Tree: runbook_runlog 36010fe5... attached as child of parent d8117d03...
[DEBUG] Tree: runbook_runlog b0662fb9... attached as child of parent 0efc3408...
[DEBUG] Tree: task_runlog 86023b27... attached as child of parent fb56b6a8...
[DEBUG] Tree: task_runlog 5f091eca... attached as child of parent fb56b6a8...
[DEBUG] Tree: task_runlog 8af93222... attached as child of parent fb56b6a8...
[DEBUG] Tree: runbook_runlog fb56b6a8... attached as child of parent 0efc3408...
[DEBUG] Tree: task_runlog f16dcfb9... attached as child of parent 20ce7bfe...
[DEBUG] Tree: task_runlog b4102713... attached as child of parent 20ce7bfe...
[DEBUG] Tree: task_runlog 98e7973f... attached as child of parent 20ce7bfe...
[DEBUG] Tree: task_runlog 94960983... attached as child of parent 20ce7bfe...
[DEBUG] Tree: task_runlog 3cb26a42... attached as child of parent 20ce7bfe...
[DEBUG] Tree: task_runlog c02fd7f1... attached as child of parent 20ce7bfe...
[DEBUG] Tree: task_runlog 17ccaa72... attached as child of parent 20ce7bfe...
[DEBUG] Tree: task_runlog eb802366... attached as child of parent 20ce7bfe...
[DEBUG] Tree: runbook_runlog 20ce7bfe... attached as child of parent 0efc3408...
[DEBUG] Tree: task_runlog fdbe4211... attached as child of parent 77905b55...
[DEBUG] Tree: runbook_runlog 77905b55... attached as child of parent 0efc3408...
[DEBUG] Tree: task_runlog eaf80b62... attached as child of parent 4c9243c4...
[DEBUG] Tree: runbook_runlog 4c9243c4... attached as child of parent 0efc3408...
[DEBUG] Tree: task_runlog dc3b7eee... attached as child of parent 0efc3408...
[DEBUG] Tree: runbook_runlog 0efc3408... attached as child of parent d8117d03...
[DEBUG] Tree: task_runlog e25aab4a... attached as child of parent a16e565a...
[DEBUG] Tree: task_runlog bf782de8... attached as child of parent a16e565a...
[DEBUG] Tree: runbook_runlog a16e565a... attached as child of parent d8117d03...
[DEBUG] Tree: policy_runlog fa23d0b6... attached as child of parent d8117d03...
[DEBUG] parse_runlogs_json: Added root d8117d03-3ad0-4c4a-94e6-541a246c16ef with 1 root nodes, total children: 4
[DEBUG] parse_runlogs_json: Returning forest with 1 root trees
[INFO] Successfully parsed runlogs for Blueprint UUID: 43b10b24-5e5b-49e8-a3b9-c0fc41e668b0 (forest: 1 roots, 1 total nodes)
[INFO] Successfully fetched runlogs for 10 Blueprint UUIDs

[INFO] Building interactive trend analysis for runbooks and tasks across all apps...
[DEBUG] Apps contributing runbook executions: 10
[DEBUG] Apps contributing task executions: 10
[INFO] Collected execution data (after normalization):
       - 8 unique runbook types
       - 16 unique task types
       - Sample runbooks: Untitled Runbook, SYS_GEN__Runbook_Application, c375b9c9_runbook
       - Sample tasks: Task 1, Exec task to populate credential: dynamic_cred of blueprint, SYS_GEN__DE_Provision
[WARNING] Plotly not available - interactive trend graphs will not be generated
[INFO] Average threshold will be calculated from data
[INFO] Table written to: nutanix-calm-blueprint-results/provisioning_stats.csv
[INFO] Generating graphs for 10 apps
[DEBUG] format_runlog_tree_html: Formatting 1 root trees for row row-0
[DEBUG] format_runlog_tree_html: Formatting 1 root trees for row row-1
[DEBUG] format_runlog_tree_html: Formatting 1 root trees for row row-2
[DEBUG] format_runlog_tree_html: Formatting 1 root trees for row row-3
[DEBUG] format_runlog_tree_html: Formatting 1 root trees for row row-4
[DEBUG] format_runlog_tree_html: Formatting 1 root trees for row row-5
[DEBUG] format_runlog_tree_html: Formatting 1 root trees for row row-6
[DEBUG] format_runlog_tree_html: Formatting 1 root trees for row row-7
[DEBUG] format_runlog_tree_html: Formatting 1 root trees for row row-8
[DEBUG] format_runlog_tree_html: Formatting 1 root trees for row row-9
[INFO] HTML report written to: nutanix-calm-blueprint-results/provisioning_stats.html
[INFO] Generating graphs for 10 apps
[INFO] Graph 1 saved: nutanix-calm-blueprint-results/provisioning_stats_start_times.png
[INFO] Graph 2 saved: nutanix-calm-blueprint-results/provisioning_stats_provisioning_times.png

[SUCCESS] Analysis complete. Output files in 'nutanix-calm-blueprint-results/':
  - provisioning_stats.csv
  - provisioning_stats.html (includes embedded graphs and interactive trend analysis)
  - provisioning_stats_start_times.png
  - provisioning_stats_provisioning_times.png
[INFO] HTML report location: nutanix-calm-blueprint-results/provisioning_stats.html
[INFO] Console log saved at: nutanix-calm-blueprint-results/provisioning_stats.log
